aahed
aalii
aargh
abaca
abaci
aback
abaff
abaft
abaka
abamp
abase
abash
abask
abate
abave
abaze
abbas
abbes
abbey
abbot
abdal
abdat
abeam
abear
abele
abets
abhor
abide
abidi
abilo
abkar
abler
ables
ablow
abmho
abnet
abode
abody
abohm
aboil
aboma
aboon
abord
abort
about
above
abret
abrim
abrin
abris
absit
abuna
abura
abuse
abuts
abuzz
abwab
abyes
abysm
abyss
acana
acapu
acara
acari
acate
accoy
acedy
acerb
aceta
achar
ached
acher
aches
achoo
achor
acids
acidy
acier
acing
acini
ackee
acker
ackey
aclys
acmes
acmic
acned
acnes
acock
acoin
acold
acoma
acone
acorn
acred
acres
acrid
acron
acryl
acted
actin
acton
actor
acute
acyls
adage
adapt
adati
adawe
adawn
adays
addax
added
adder
addle
adead
adeem
adeep
adept
adfix
adieu
adion
adios
adits
adjag
adlay
adlet
adman
admen
admit
admix
adnex
adobe
adobo
adopt
adore
adorn
adown
adoxy
adoze
adpao
adrip
adrop
adrue
adult
adunc
adusk
adust
adyta
adzer
adzes
aecia
aedes
aegis
aeons
aeric
aerie
aevia
aface
afara
afars
afear
affix
afire
aflat
aflow
afoam
afoot
afore
afoul
afret
afrit
after
again
agama
agami
agamy
agape
agars
agasp
agate
agaty
agave
agaze
agene
agent
agers
agger
aggie
aggro
aggry
aggur
aghas
agile
aging
agios
agism
agist
aglee
aglet
agley
aglow
agmas
agnel
agnus
agoge
agoho
agone
agons
agony
agora
agrah
agral
agree
agria
agrin
agrom
agsam
agues
aguey
agush
agust
ahead
aheap
ahind
ahint
ahold
ahong
ahsan
ahull
ahunt
ahura
ahush
ahwal
aided
aider
aides
ailed
aillt
aimed
aimer
ainoi
aioli
airan
aired
airer
airns
airth
airts
aisle
aitch
aiver
aiwan
aizle
ajaja
ajari
ajava
ajhar
ajiva
ajuga
akala
akasa
akebi
akees
akeki
akela
akene
aknee
akpek
akule
akund
alack
alada
alala
alamo
aland
alane
alang
alani
alans
alant
alarm
alary
alate
alban
albas
albee
album
albus
alcid
alder
aldim
aldol
aleak
alecs
alefs
aleft
aleph
alert
alfas
alfet
algae
algal
algas
algic
algid
algin
algor
algum
alias
alibi
alien
alifs
align
alike
alima
aline
alish
aliso
alisp
alist
alite
alive
aliya
alkyd
alkyl
allan
allay
allee
aller
alley
allod
allot
allow
alloy
allyl
almah
almas
almeh
almes
almon
almud
almug
alody
aloed
aloes
aloft
alogy
aloha
aloid
aloin
aloma
alone
along
aloof
alose
aloud
alowe
alpha
altar
alter
altho
altin
altos
altun
alula
alums
alure
aluta
alvar
alvus
alway
amaas
amaga
amahs
amain
amala
amang
amani
amapa
amass
amaze
amban
ambar
ambay
amber
ambit
amble
ambon
ambos
ambry
ameba
ameed
ameen
ameer
amelu
amend
amene
amens
ament
amhar
amias
amice
amici
amide
amido
amids
amies
amiga
amigo
amine
amini
amino
amins
amirs
amiss
amity
amman
ammer
ammos
amnia
amnic
amnio
amoke
amoks
amole
among
amort
amour
amove
amper
ample
amply
ampul
ampyx
amsel
amuck
amula
amuse
amuze
amvis
amylo
amyls
anabo
anama
anana
ancon
anear
anele
anend
anent
angas
angel
anger
angle
angor
angry
angst
anigh
anile
anils
anima
anime
animi
anion
anise
anjan
ankee
anker
ankhs
ankle
ankus
anlas
annal
annas
annat
annet
annex
annoy
annul
anoas
anode
anoil
anole
anoli
anomy
anons
ansae
ansar
antae
antal
antas
anted
antes
antic
antis
antra
antre
antsy
anury
anvil
aorta
apace
apaid
apart
apeak
apeek
apers
apert
apery
aphid
aphis
apian
apiin
aping
apish
apism
apnea
apods
apoop
aport
apout
appal
appay
appel
appet
apple
apply
apres
apron
apses
apsis
apter
aptly
aquae
aquas
araba
araca
arado
arain
arake
araks
arara
arati
arbor
arced
arche
archy
arcus
ardeb
ardor
ardri
aread
areae
areal
arear
areas
areca
areek
areel
areic
arena
arend
areng
arent
arete
argal
argel
argil
argle
argol
argon
argot
argue
argus
arhar
arhat
arias
ariel
arils
ariot
arise
arist
arite
arjun
arles
armed
armer
armet
armil
armor
arnee
arnut
aroar
arock
aroid
aroma
aroon
arose
arpen
arrah
arras
arrau
array
arrie
arris
arrow
arses
arsis
arsle
arson
arsyl
artal
artar
artel
artha
artsy
aruke
arums
arupa
arusa
arval
arvel
arvos
aryls
arzan
arzun
asale
asana
ascan
ascii
ascon
ascot
ascry
ascus
asdic
ashed
ashen
ashes
ashet
ashur
aside
askar
asked
asker
askew
askip
askoi
askos
aslop
asoak
asoka
aspen
asper
aspic
aspis
assai
assay
assed
asses
asset
assis
astay
aster
astir
astor
asway
aswim
asyla
ataps
atavi
ataxy
atelo
athar
atilt
atlas
atlee
atman
atmas
atmid
atmos
atoke
atoll
atoms
atomy
atone
atony
atopy
atour
atria
atrip
attar
atter
attic
attid
atule
atune
atwin
atypy
audad
audio
audit
augen
auger
aught
augur
aulae
aulic
auloi
aulos
aumil
aunts
aunty
aurae
aural
aurar
auras
aurei
aures
auric
aurin
aurir
auris
aurum
auryl
autem
autos
auxin
avahi
avail
avant
avast
avens
avera
avers
avert
avgas
avian
avick
avine
avion
aviso
avoid
avows
awabi
awaft
await
awake
awald
awalt
awane
award
aware
awash
awave
awber
aweek
aweel
awest
aweto
awful
awhet
awhir
awide
awing
awink
awiwi
awned
awner
awoke
awols
awork
axels
axial
axile
axils
axine
axing
axiom
axion
axite
axled
axles
axman
axmen
axoid
axone
axons
ayahs
ayelp
ayins
aylet
ayllu
ayond
ayont
ayous
azans
azide
azido
azine
azlon
azoch
azofy
azoic
azole
azons
azote
azoth
azoxy
azure
azury
azyme
baaed
baals
babai
babas
babby
babel
babes
babka
baboo
babul
babus
bacao
bacca
bache
backs
bacon
badan
baddy
badge
badly
baffs
baffy
bafta
bagel
baggy
bagre
bahan
bahar
bahay
bahoe
bahoo
bahts
bahur
bahut
bails
baioc
bairn
baith
baits
baiza
baize
bajan
bajra
bajri
bakal
baked
baken
baker
bakes
bakie
bakli
balai
balao
balas
balds
baldy
baled
balei
baler
bales
balks
balky
balli
balls
bally
balms
balmy
baloo
balow
balsa
balut
balza
banak
banal
banat
banca
banco
banda
bande
bandi
bando
bands
bandy
baned
banes
banga
bange
bangs
banig
banjo
banks
banky
banns
banty
banya
barad
barbe
barbs
barde
bardo
bards
bardy
bared
barer
bares
barff
barfs
barge
bargh
baria
baric
barid
barie
baris
barit
barks
barky
barms
barmy
barns
barny
baroi
baron
barra
barre
barry
barse
barth
barye
basal
based
baser
bases
basic
basil
basin
basis
basks
bason
basos
bassi
basso
bassy
basta
baste
basto
basts
batad
batch
batea
bated
batel
bater
bates
bathe
baths
batik
baton
batta
batts
battu
batty
bauch
bauds
baulk
bauno
bauta
bavin
bawds
bawdy
bawls
bawty
bayal
bayed
bayok
bayou
bazar
bazoo
beach
beads
beady
beaks
beaky
beala
beams
beamy
beano
beans
beant
beany
beard
bearm
bears
beast
beata
beath
beats
beaus
beaut
beaux
bebar
bebat
bebay
bebed
bebog
bebop
becap
becks
becry
becut
bedad
beday
bedel
beden
bedew
bedim
bedin
bedip
bedog
bedot
bedub
bedur
bedye
beech
beefs
beefy
beeps
beers
beery
beest
beeth
beets
beety
beeve
befan
befit
befog
befop
begad
began
begar
begat
begay
begem
beget
begin
begob
begot
begum
begun
begut
behap
behen
beice
beige
beigy
being
beira
beisa
bejan
bejel
bejig
bekah
bekko
belah
belam
belar
belay
belch
belee
belga
belie
belle
bells
belly
below
belts
belve
bemad
beman
bemar
bemas
bemat
bemix
bemud
benab
bench
benda
bends
bendy
benes
benet
benjy
benne
benni
benny
bensh
bents
benty
benzo
beode
bepat
bepaw
bepen
bepun
berat
beray
beret
bergs
bergy
berme
berms
berne
berri
berry
berth
beryl
besan
besee
beset
besin
besit
besom
besot
bespy
besra
bests
betag
betas
betel
beths
betis
beton
betso
betta
betty
bevel
bever
bevor
bevue
bewet
bewig
bezel
bezil
bezzi
bezzo
bhalu
bhang
bhara
bhava
bhoot
bhuts
biabo
biali
bialy
bibbs
bible
bicep
bices
bichy
bidar
biddy
bided
bider
bides
bidet
bidri
bield
biers
bifer
biffs
biffy
bifid
bigha
bight
bigly
bigot
bijou
biked
biker
bikes
bikie
bilbo
bilby
bilch
biles
bilge
bilgy
bilic
bilio
bilks
billa
bills
billy
bilsh
bimah
bimas
bimbo
binal
bindi
binds
bines
binge
bingo
bingy
binit
binna
bints
biome
biont
biose
biota
biped
bipod
birch
birds
birdy
birks
birle
birls
birma
birny
birrs
birse
birsy
birth
bises
bisks
bison
bisti
bitch
biter
bites
bitsy
bitts
bitty
biune
bixin
bizes
bizet
blabs
black
blade
blady
blaff
blahs
blain
blair
blake
blame
blams
blanc
bland
blank
blare
blart
blase
blash
blast
blate
blats
blawn
blaws
blaze
blazy
bleak
blear
bleat
blebs
bleck
bleed
bleep
blend
blent
bless
blest
blets
blibe
blick
blimp
blimy
blind
blini
blink
blips
bliss
blite
blitz
blizz
bloat
blobs
block
blocs
blogs
bloke
blond
blood
bloom
bloop
blore
blots
blout
blown
blows
blowy
blubs
blued
bluer
blues
bluet
bluey
bluff
blume
blunk
blunt
blurb
blurs
blurt
blush
blype
board
boars
boart
boast
boats
bobac
bobby
bocal
bocca
bocce
bocci
boche
bocks
bocoy
boded
boden
boder
bodes
bodge
bodhi
bodle
boffo
boffs
bogan
bogey
boggy
bogie
bogle
bogue
bogum
bogus
bohea
bohor
boils
boily
boing
boist
boite
bokom
bolar
bolas
boldo
bolds
boled
boles
bolis
bolls
bolly
bolos
bolti
bolts
bolus
bombe
bombo
bombs
bonce
bonds
boned
boner
bones
boney
bongo
bongs
bonks
bonne
bonny
bonus
bonze
boobs
booby
boody
booed
boogy
books
booky
booly
booms
boomy
boonk
boons
boors
boort
boose
boost
boosy
booth
boots
booty
booze
boozy
borak
boral
boras
borax
bored
boree
borer
bores
borgh
boric
borne
boron
borts
borty
bortz
boryl
bosch
boser
bosks
bosky
bosom
boson
bossy
bosun
botas
botch
botel
bothy
botts
bouge
bough
boule
bound
bourd
bourg
bourn
bouse
bousy
bouto
bouts
bovid
bowed
bowel
bower
bowet
bowie
bowla
bowls
bowly
bowse
boxed
boxen
boxer
boxes
boxty
boyar
boyer
boyla
boyos
bozal
bozos
bozze
braca
brace
brach
brack
bract
brads
braes
brags
braid
brail
brain
brake
braky
brand
brank
brans
brant
brash
brass
brats
brava
brave
bravi
bravo
brawl
brawn
braws
braxy
brays
braza
braze
bread
break
bream
breba
breck
brede
bredi
breed
breek
brees
breme
brens
brent
breth
brett
breva
breve
brews
briar
bribe
brick
bride
brief
brier
bries
brigs
brill
brims
brine
bring
brink
brins
briny
brios
brisk
briss
brith
brits
britt
brizz
broad
broch
brock
broil
broke
broll
broma
brome
bromo
bronc
bronk
brood
brook
brool
broom
broon
broos
brose
brosy
broth
brown
brows
brugh
bruin
bruit
bruke
brume
brunt
brush
brusk
brute
bruzz
buaze
bubal
bubby
bucca
buchu
bucko
bucks
bucky
buddy
budge
buffi
buffo
buffs
buffy
bugan
buggy
bugle
bugre
buhls
buhrs
build
built
buist
bulak
bulbs
bulby
bulge
bulgy
bulks
bulky
bulla
bulls
bully
bulse
bumbo
bumfs
bumph
bumps
bumpy
bunce
bunch
bunco
bunds
bundt
bundy
bungo
bungs
bungy
bunko
bunks
bunns
bunny
bunts
bunty
bunya
buoys
buran
burao
buras
burbs
burds
burel
buret
burgh
burgs
burin
burka
burke
burls
burly
burns
burnt
burny
burps
burro
burrs
burry
bursa
burse
burst
busby
bused
buses
bushi
bushy
busks
busky
bussu
busts
busty
butch
buteo
butes
butic
butle
butte
butts
butty
butut
butyl
butyr
buxom
buyer
buzzy
bwana
bylaw
byous
byres
byrls
bysen
byssi
bytes
byway
caama
cabal
caban
cabas
cabby
cabda
caber
cabin
cabio
cable
cabob
cabot
cacam
cacao
cacas
cache
cacti
cacur
caddy
cader
cades
cadet
cadew
cadge
cadgy
cadis
cados
cadre
cadua
cadus
caeca
cafes
caffa
caffs
cafiz
caged
cager
cages
cagey
caggy
cagit
cahiz
cahot
cahow
caids
cains
caird
cairn
cajon
cajun
caked
caker
cakes
cakey
calfs
calid
calif
calix
calks
calla
calli
callo
calls
calms
calmy
calor
calos
calve
calyx
caman
camas
camel
cameo
cames
campi
campo
camps
campy
camus
canal
canch
candy
caned
canel
caner
canes
canid
canna
canny
canoe
canon
canso
canst
canto
cants
canty
canun
caoba
capax
caped
capel
caper
capes
caphs
capon
capos
capot
cappy
capsa
caput
carat
carbo
carbs
cardo
cards
cared
carer
cares
caret
carex
carga
cargo
carid
carks
carle
carls
carns
carny
caroa
carob
carol
carom
carpi
carps
carrs
carry
carse
carte
carts
carty
carua
carve
caryl
casal
casas
casco
cased
caser
cases
casha
casks
casky
casse
caste
casts
casus
catan
catch
cater
cates
catty
cauch
cauda
cauld
caulk
cauls
cauma
caupo
cause
cavae
caval
caved
cavel
caver
caves
cavie
cavil
cavus
cawed
cawky
caxon
cease
cebid
cebil
cebur
cecal
cecum
cedar
ceded
ceder
cedes
cedis
cedre
cedry
ceiba
ceibo
ceile
ceils
celeb
cella
celli
cello
cells
celom
celts
cense
cento
cents
centu
ceorl
cepes
cequi
ceral
ceras
cerci
cered
cerer
ceres
ceria
ceric
cerin
ceros
certy
ceryl
cesta
cesti
cetes
cetic
cetin
cetyl
chack
chads
chafe
chaff
chaft
chain
chair
chais
chaja
chaka
chalk
champ
chams
chang
chank
chant
chaos
chape
chaps
chapt
chard
chare
chark
charm
charr
chars
chart
chary
chase
chasm
chati
chats
chauk
chaus
chawk
chawl
chaws
chaya
chays
cheap
cheat
check
cheek
cheep
cheer
cheet
chefs
cheir
cheke
cheki
chela
chelp
chemo
chena
cheng
chert
chess
chest
cheth
cheve
chevy
chews
chewy
chiao
chias
chick
chico
chics
chide
chief
chiel
chien
child
chile
chili
chill
chimb
chime
chimp
china
chine
ching
chink
chino
chins
chint
chips
chirk
chirm
chiro
chirp
chirr
chits
chive
chivy
chlor
choca
chock
choel
choga
choil
choir
choke
choky
chola
chold
choli
cholo
chomp
chook
choop
chopa
chops
chord
chore
chort
chose
chott
choup
chous
chowk
chows
choya
chria
chubs
chuck
chufa
chuff
chugs
chump
chums
chunk
churl
churm
churn
churr
chute
chyak
chyle
chyme
cibol
cicad
cicer
cider
cigar
cigua
cilia
cimex
cinch
cinct
cinel
cines
cions
circa
cires
cirri
cisco
cissy
cista
cists
cited
citee
citer
cites
citua
civet
civic
civie
civil
civvy
clach
clack
clade
clads
clags
claim
clamb
clame
clamp
clams
clang
clank
clans
claps
clapt
clark
claro
clart
clary
clash
clasp
class
clast
claut
clava
clave
clavi
clavy
clawk
claws
clays
clead
cleam
clean
clear
cleat
cleck
cleek
clefs
cleft
clepe
clept
clerk
cleve
clews
click
cliff
clift
clima
climb
clime
cline
cling
clink
clint
clips
clipt
clite
clits
clive
cloak
cloam
clock
clods
cloff
clogs
cloit
clomb
clomp
clone
clonk
clons
cloof
cloop
cloot
clops
close
closh
clote
cloth
clots
cloud
clour
clout
clove
clown
cloys
cloze
clubs
cluck
clued
clues
cluff
clump
clung
clunk
clyer
clype
cnida
coach
coact
coaid
coala
coals
coaly
coapt
coarb
coast
coati
coats
coaxy
cobbs
cobby
cobia
coble
cobra
cocas
cocci
cocco
cocks
cocky
cocoa
cocos
codas
codec
coded
coden
coder
codes
codex
codol
codon
coeds
coffs
cogon
cogue
cohog
cohol
cohos
coifs
coign
coils
coins
coiny
coirs
coked
coker
cokes
colas
colds
coled
coles
colic
colin
colly
colog
colon
color
colts
colza
comae
comal
comas
combe
combo
combs
comby
comer
comes
comet
comfy
comic
comix
comma
commy
compo
comps
compt
comte
conal
conch
condo
coned
coner
cones
coney
conga
conge
congo
conic
conin
conks
conky
conns
conte
conto
conus
cooba
cooch
cooed
cooee
cooer
cooey
coofs
cooja
cooks
cooky
cools
cooly
coomb
coomy
coons
coony
coops
coopt
coost
coots
copal
coped
copei
copen
coper
copes
copis
coppy
copra
copse
copsy
copus
coque
corah
coral
coram
corby
cords
cordy
cored
corer
cores
corge
corgi
coria
corke
corks
corky
corms
corns
cornu
corny
coroa
corol
corps
corse
corta
coryl
cosec
coses
coset
cosey
cosie
cosse
costa
costs
cotan
cotch
coted
cotes
cothe
cothy
cotta
cotte
cotty
couac
couch
coude
cough
could
couma
count
coupe
coups
courb
court
couth
coved
coven
cover
coves
covet
covey
covid
covin
cowal
cowed
cower
cowle
cowls
cowry
coxae
coxal
coxed
coxes
coyan
coyed
coyer
coyly
coyol
coypu
cozen
cozes
cozey
cozie
craal
crabs
crack
craft
crags
crain
crake
cramp
crams
crane
crank
crape
craps
crapy
crare
crash
crass
crate
crave
cravo
crawl
crawm
craws
craze
crazy
creak
cream
creat
credo
creed
creek
creel
creem
creen
creep
creme
crena
crepe
crept
crepy
cress
crest
creta
crews
cribo
cribs
crick
cried
crier
cries
criey
crile
crime
crimp
crine
crink
cripe
crisp
criss
crith
croak
croci
crock
crocs
croft
crome
crone
cronk
crony
crood
crook
crool
croon
crops
crore
crosa
cross
croup
crout
crowd
crowl
crown
crows
croze
cruce
cruck
crude
cruds
cruel
cruet
crumb
crump
crunk
crunt
cruor
crura
cruse
crush
crust
cruth
crwth
crypt
ctene
cubby
cubeb
cubed
cuber
cubes
cubic
cubit
cuddy
cueca
cuffs
cuffy
cuifs
cuing
cuish
cukes
culch
culet
culex
culla
culls
cully
culms
culmy
culpa
culti
cults
cumal
cumay
cumbu
cumic
cumin
cumol
cumyl
cunts
cunye
cupay
cupel
cupid
cuppa
cuppy
curbs
curby
curch
curds
curdy
cured
curer
cures
curet
curfs
curia
curie
curin
curio
curls
curly
curns
currs
curry
curse
curst
curua
curve
curvy
cusec
cushy
cusie
cusks
cusps
cusso
cutch
cuter
cutes
cutey
cutie
cutin
cutis
cutty
cutup
cyano
cyans
cyath
cycad
cycas
cycle
cyclo
cyder
cylix
cymae
cymar
cymas
cymba
cymes
cymol
cynic
cypre
cyrus
cysts
cyton
czars
dabba
dabby
daces
dacha
dadap
dadas
daddy
dados
daffs
daffy
dagga
daggy
dagos
dahls
daily
daira
dairi
dairy
daisy
daiva
daker
dakir
dalar
daler
dales
dalle
dally
daman
damar
dames
damie
damme
damns
damps
dampy
dance
danda
dandy
dangs
danio
danli
danta
darac
daraf
darat
darbs
darby
dared
darer
dares
daric
darks
darky
darns
daroo
darst
darts
dashi
dashy
dasnt
dassy
datch
dated
dater
dates
datil
datos
datto
datum
daube
daubs
dauby
daunt
dauts
daven
daver
davit
dawdy
dawed
dawen
dawks
dawns
dawny
dawts
dawut
dayal
dazed
dazes
deads
deair
deals
dealt
deans
dears
deary
deash
death
deave
debar
debby
deben
debit
debts
debug
debus
debut
debye
decad
decaf
decal
decan
decap
decay
decil
decke
decks
decor
decos
decoy
decry
decus
decyl
dedal
deeds
deedy
deems
deeps
deers
deets
defat
defer
defis
defog
degas
degum
deice
deify
deign
deils
deink
deism
deist
deity
deked
dekes
dekko
dekle
delay
deled
deles
delfs
delft
delis
dells
delly
delta
delts
delve
demal
demes
demit
demob
demon
demos
demur
denar
denat
denda
denes
denim
dense
dents
denty
deota
deoxy
depas
depoh
depot
depth
derah
derat
deray
derby
deric
derma
derms
derry
desex
desks
desma
dessa
desyl
detar
detax
deter
detin
detox
detur
deuce
devas
devel
devil
devon
devow
dewan
dewar
dewax
dewed
dewer
dexes
dexie
dhabb
dhaks
dhals
dhava
dheri
dhobi
dhole
dhoni
dhoon
dhoti
dhoul
dhows
dhuti
dhyal
diact
dials
diamb
diary
diazo
diced
dicer
dices
dicey
dicks
dicky
dicot
dicta
dicty
diddy
didie
didle
didna
didnt
didos
didst
didym
diene
diets
dight
digit
diked
diker
dikes
dikey
dildo
dilli
dills
dilly
dimer
dimes
dimit
dimly
dimps
dinar
dined
diner
dines
dinge
dingo
dings
dingy
dinic
dinks
dinky
dints
dinus
diode
diols
diose
diota
dioxy
dippy
dipso
direr
dirge
dirks
dirls
dirts
dirty
disci
disco
discs
dishy
disks
disme
disna
dital
ditas
ditch
diter
dites
ditsy
ditto
ditty
ditzy
divan
divas
dived
divel
diver
dives
divot
divus
divvy
diwan
dixie
dixit
dizen
dizzy
djave
djinn
djins
doats
dobby
dobie
dobla
dobra
dobro
docks
doddy
dodge
dodgy
dodos
doers
doest
doeth
doffs
dogal
doges
dogey
doggo
doggy
dogie
dogly
dogma
doigt
doily
doina
doing
doits
dojos
dolce
dolci
doled
doles
dolia
dolls
dolly
dolma
dolor
dolts
domal
domba
domed
domer
domes
domic
dompt
donas
donax
donee
doney
donga
dongs
donna
donne
donor
donsy
donum
donut
dooja
dooli
dooly
dooms
doomy
doors
doozy
dopas
doped
doper
dopes
dopey
dorab
dorad
doree
doria
dorje
dorks
dorky
dorms
dormy
dorps
dorrs
dorsa
dorts
dorty
dosed
doser
doses
dosis
dotal
doted
doter
dotes
dotty
douar
doubt
douce
dough
douma
doums
doura
douse
doven
dover
doves
dowdy
dowed
dowel
dower
dowie
downs
downy
dowry
dowse
doxie
doyen
doyly
dozed
dozen
dozer
dozes
drabs
draff
draft
drago
drags
drail
drain
drake
drama
dramm
drams
drang
drank
drant
drape
drate
drats
drave
drawk
drawl
drawn
draws
drays
dread
dream
drear
dreck
dreed
dreep
drees
dregs
dreks
dreng
dress
drest
drias
dribs
dried
drier
dries
drift
drill
drily
drink
drinn
drips
dript
drisk
drive
drogh
droid
droit
droll
drome
drona
drone
drony
drool
droop
drops
dropt
dross
droud
drouk
drove
drovy
drown
drubs
drugs
druid
drums
drung
drunk
drupe
druse
drusy
druxy
dryad
dryas
dryer
dryly
dryth
duads
duali
duals
dubba
dubby
ducal
ducat
duces
duchy
ducks
ducky
ducts
duddy
duded
dudes
duels
duets
duffs
dugal
duhat
duits
dujan
duked
dukes
dukhn
duler
dulia
dulls
dully
dulse
dumas
dumba
dumbs
dumka
dumky
dummy
dumps
dumpy
dunal
dunam
dunce
dunch
dunes
dungs
dungy
dunks
dunne
dunno
dunny
dunst
dunts
duole
duomi
duomo
duped
duper
dupes
dupla
duple
duppy
dural
duras
durax
dured
dures
durns
duroc
duros
durra
durrs
durry
durst
durum
duryl
dusio
dusks
dusky
dusts
dusty
dutch
dutra
duvet
dwale
dwalm
dwang
dwarf
dweeb
dwell
dwelt
dwine
dyads
dyers
dying
dyked
dyker
dykes
dykey
dynel
dynes
eager
eagle
eagre
eared
earls
early
earns
earth
eased
easel
easer
eases
easts
eaten
eater
eaved
eaver
eaves
ebbed
ebbet
ebons
ebony
echea
eched
eches
echos
ecize
eclat
ecoid
ecole
ecrus
ectad
ectal
edder
edema
edged
edger
edges
edict
edify
edile
edits
educe
educt
eeler
eerie
egads
egers
egest
eggar
egged
egger
egret
eider
eidos
eight
eigne
eikon
eimer
eject
ekaha
eking
elain
eland
elans
elate
elbow
elder
eldin
elect
elegy
elemi
elfic
elfin
elide
elint
elite
eloge
eloin
elope
elops
elsin
elude
elute
elvan
elver
elves
elvet
email
embar
embay
embed
ember
embog
embow
embox
embus
emcee
emeer
emend
emery
emeus
emirs
emits
emmer
emmet
emote
empty
emyde
emyds
enact
enage
enapt
enarm
enate
encup
ended
ender
endew
endow
endue
enema
enemy
engem
enhat
eniac
enjoy
ennui
enoil
enoki
enols
enorm
enows
enray
enrib
enrol
enrut
ensky
ensue
entad
ental
enter
entia
entry
enure
envoi
envoy
enzym
eosin
epact
epees
ephah
ephas
ephod
ephor
epics
epoch
epode
epopt
epoxy
epulo
equal
equid
equip
erade
erase
erbia
erect
erept
ergal
ergon
ergot
erica
erika
erizo
ernes
erode
erose
erred
error
erses
eruca
eruct
erugo
erupt
ervil
escar
escot
esere
eshin
eskar
esker
essay
essed
esses
ester
estoc
estop
estre
estus
etape
ethal
ethel
ether
ethic
ethid
ethos
ethyl
etnas
ettle
etude
etuis
etwee
etyma
eupad
euros
eusol
evade
evase
evens
event
evert
every
evict
evils
evite
evoke
ewder
ewers
ewery
exact
exalt
exams
excel
exdie
exeat
execs
exert
exile
exine
exist
exite
exits
exlex
exode
exody
exons
expat
expel
expos
exter
extol
extra
exude
exult
exurb
eyers
eying
eyoty
eyras
eyres
eyrie
eyrir
fabes
fable
faced
facer
faces
facet
facia
facks
facts
facty
faddy
faded
faden
fader
fades
fadge
fados
faena
faery
faffy
fager
faggy
fagin
fagot
faham
fails
fains
faint
fairm
fairs
fairy
faith
faked
faker
fakes
fakey
fakir
falls
fally
false
famed
fames
fanal
fanam
fancy
fanes
fanga
fangs
fangy
fanny
fanon
fanos
fanum
faqir
farad
farce
farci
farcy
farde
fardh
fardo
fards
fared
farer
fares
farle
farls
farms
farmy
faros
farse
farts
fasts
fatal
fated
fates
fatil
fatly
fatso
fatty
fatwa
faugh
fauld
fault
fauna
fauns
fause
faust
fauve
favas
faves
favor
favus
fawns
fawny
faxed
faxes
fayed
fazed
fazes
fears
fease
feast
feats
featy
feaze
fecal
feces
fecks
feeds
feedy
feels
feere
feeze
feign
feint
feist
felid
fella
fells
felly
felon
felts
felty
femes
femic
femme
femur
fence
fends
fendy
fenks
fenny
feods
feoff
feral
feres
feria
ferie
ferly
ferme
fermi
ferns
ferny
ferri
ferry
fesse
fests
fetal
fetas
fetch
feted
fetes
fetid
fetor
fetus
feuar
feuds
feued
fever
fewer
feyer
feyly
fezes
fezzy
fiard
fiars
fiats
fiber
fibre
fibry
fices
fiche
fichu
ficin
ficus
fidge
fidos
fiefs
field
fiend
fient
fiery
fifed
fifer
fifes
fifie
fifth
fifty
figgy
fight
fikie
filao
filar
filch
filed
filer
files
filet
fille
fillo
fills
filly
films
filmy
filos
filth
filum
final
finch
finds
fined
finer
fines
finis
finks
finny
finos
fiord
fique
firca
fired
firer
fires
firms
firns
firry
first
firth
fiscs
fishy
fists
fisty
fitch
fitly
fitty
fiver
fives
fixed
fixer
fixes
fixit
fizzy
fjeld
fjord
flabs
flack
flaff
flags
flail
flair
flake
flaky
flamb
flame
flams
flamy
flane
flank
flans
flaps
flare
flary
flash
flask
flats
flavo
flawn
flaws
flawy
flaxy
flays
fleam
fleas
fleay
fleck
fleer
flees
fleet
flesh
flews
fleys
flick
flics
flied
flier
flies
flimp
fling
flint
flipe
flips
flirt
flisk
flite
flits
float
flock
flocs
floes
floey
flogs
flong
flood
floor
flops
flora
flory
flosh
floss
flota
flour
flout
flown
flows
flubs
flued
fluer
flues
fluey
fluff
fluid
fluke
fluky
flume
flump
flung
flunk
fluor
flurn
flurr
flush
flusk
flute
fluty
fluyt
flyby
flyer
flype
flyte
foals
foaly
foams
foamy
focal
focus
fodda
foder
fodge
foehn
fogey
foggy
fogie
fogle
fogon
fogou
fogus
fohat
fohns
foils
foins
foist
folds
foldy
folia
folie
folio
folks
folky
folly
fomes
fonds
fondu
fonly
fonts
foods
foody
fools
foots
footy
foppy
foram
foray
forbs
forby
force
fordo
fords
fordy
forel
fores
forge
forgo
forks
forky
forme
forms
formy
forte
forth
forts
forty
forum
fosie
fossa
fosse
fotch
fotui
fouls
found
fount
fours
foute
fouth
fovea
fowls
foxed
foxer
foxes
foyer
frack
frags
fraid
fraik
frail
frame
franc
frank
fraps
frase
frass
frats
fraud
frawn
frayn
frays
fraze
freak
fream
freck
freed
freer
frees
freet
freir
freit
fremd
frena
frere
fresh
frets
frett
friar
fried
frier
fries
frigs
frike
frill
frise
frisk
frist
frith
frits
fritt
fritz
frize
frizz
frock
froes
frogs
frond
frons
front
froom
frore
frory
frosh
frost
froth
frowl
frown
frows
frowy
froze
frugs
fruit
frump
frush
fryer
fubby
fubsy
fucks
fucus
fuder
fudge
fudgy
fuels
fuffy
fugal
fuggy
fugio
fugle
fugue
fugus
fujis
fulls
fully
fulth
fulwa
fumed
fumer
fumes
fumet
fundi
funds
fungi
fungo
funis
funks
funky
funny
fural
furan
furca
furil
furls
furor
furry
furyl
furze
furzy
fused
fusee
fusel
fuses
fusht
fusil
fussy
fusty
futon
futwa
fuzed
fuzee
fuzes
fuzil
fuzzy
fyces
fykes
fytte
gabby
gable
gaddi
gadge
gadid
gadis
gaffe
gaffs
gaged
gagee
gager
gages
gagor
gaily
gaine
gains
gaits
gaize
galah
galas
galax
galea
galee
gales
galet
galey
galla
galls
gally
galop
gamas
gamay
gamba
gambe
gambs
gamed
gamer
games
gamey
gamic
gamin
gamma
gammy
gamps
gamut
ganam
ganch
ganef
ganev
ganga
gange
gangs
ganja
ganof
gansy
ganta
ganza
gaols
gaped
gaper
gapes
gappy
garad
garbs
garce
gardy
gareh
garle
garni
garoo
garse
garth
garum
gases
gashy
gasps
gaspy
gassy
gasts
gatch
gated
gater
gates
gator
gauby
gauds
gaudy
gauge
gault
gaums
gaumy
gaunt
gaurs
gauss
gauze
gauzy
gavel
gavot
gawby
gawks
gawky
gawps
gawsy
gayal
gayer
gayly
gazar
gazed
gazee
gazel
gazer
gazes
gazon
gazoo
gears
gease
gebur
gecko
gecks
geeks
geeky
geese
geest
geira
gelds
gelee
gelid
gelly
gelts
gemel
gemma
gemmy
gemot
gemul
genal
genep
genes
genet
genic
genie
genii
genin
genip
genoa
genom
genos
genre
genro
gents
genty
genua
genus
genys
geode
geoid
geoty
gerah
gerbe
gerim
gerip
germs
germy
gesso
geste
gests
getah
getas
getup
geums
geyan
ghast
ghats
ghaut
ghazi
ghees
ghoom
ghost
ghoul
ghyll
giant
gibby
gibed
gibel
giber
gibes
gibus
giddy
gifts
gigas
gighe
gigot
gigue
gilds
gilia
gilim
gills
gilly
gilpy
gilse
gilts
gimel
gimme
gimps
gimpy
ginks
ginny
gipon
gipsy
girba
girds
girls
girly
girns
girny
giron
giros
girse
girsh
girth
girts
gisla
gismo
gists
given
giver
gives
givey
gizmo
glace
glack
glade
glads
glady
glaga
glaik
glair
glaky
gland
glans
glare
glary
glass
glaum
glaur
glaze
glazy
gleam
glean
gleba
glebe
glede
gleds
gledy
gleed
gleek
glees
gleet
glens
glent
gleys
glial
glias
glide
gliff
glime
glims
glink
glint
glisk
glitz
gloam
gloat
globe
globs
globy
gloea
glogg
glome
gloms
gloom
glops
glore
glory
gloss
glost
glout
glove
glows
gloze
gluck
glued
gluer
glues
gluey
glugs
gluma
glume
glump
gluon
gluts
glyph
gnarl
gnarr
gnars
gnash
gnats
gnawn
gnaws
gnome
goads
goals
goats
goaty
goave
goban
gobbe
gobby
gobos
godet
godly
goers
goety
gofer
gogga
gogos
going
golds
goldy
golee
golem
golfs
golly
goloe
golpe
gombo
gomer
gonad
gonal
gonef
goner
gongs
gonia
gonid
gonif
gonna
gonne
gonof
gonys
gonzo
goods
goody
gooey
goofs
goofy
gooks
gooky
gools
gooma
goons
goony
goops
goopy
goose
goosy
gopik
goral
goran
gorce
gored
gorer
gores
gorge
goric
gorps
gorra
gorry
gorse
gorsy
gossy
gotch
gotra
gotta
gouge
goumi
gourd
gouts
gouty
gowan
gowds
gowks
gowns
goxes
goyim
goyin
goyle
graal
grabs
grace
grade
grads
graff
graft
grail
grain
graip
grama
grame
gramp
grams
grana
grand
grane
grank
grano
grans
grant
grape
graph
grapy
grasp
grass
grate
grave
gravy
grays
graze
great
grebe
grece
greed
greek
green
grees
greet
grege
grego
grein
greys
grice
gride
grids
grief
griff
grift
grigs
grike
grill
grime
grimp
grimy
grind
grins
griot
gripe
grips
gript
gripy
grist
grith
grits
groan
groat
grody
groff
grogs
groin
groom
groop
groot
grope
gross
grosz
grots
grouf
group
grout
grove
grovy
growl
grown
grows
grubs
gruel
grues
gruff
grume
grump
grunt
grush
gruss
gryde
guaba
guaco
guaka
guama
guana
guano
guans
guara
guard
guars
guasa
guava
guaza
gubbo
gucki
gucks
gudes
gudge
gudok
guess
guest
guffs
guffy
gugal
guiba
guide
guids
guige
guijo
guild
guile
guilt
guily
guiro
guise
gulae
gulag
gular
gulch
gules
gulfs
gulfy
gulix
gulls
gully
gulps
gulpy
gumbo
gumby
gumly
gumma
gummy
gundi
gundy
gunge
gunks
gunky
gunne
gunny
guppy
gurge
gurly
gurry
gursh
gurus
gushy
gusla
gusle
gussy
gusto
gusts
gusty
gutsy
gutta
gutte
gutti
gutty
guyed
guyer
guyot
gweed
gwely
gwine
gybed
gybes
gymel
gynic
gypsy
gyral
gyred
gyres
gyric
gyron
gyros
gyrus
gyved
gyves
haafs
haars
habit
habus
hacek
hache
hacks
hacky
hadal
haddo
haded
hades
hadji
hadst
haems
haets
hafis
hafiz
hafts
haggy
hagia
hahas
haika
haiks
haiku
hails
haily
haine
haire
hairs
hairy
hajes
hajib
hajis
hajji
hakam
hakes
hakim
halal
halch
haled
haler
hales
halid
hallo
halls
halma
halms
halon
halos
halse
halts
halva
halve
hamal
hamel
hames
hammy
hamsa
hamus
hamza
hance
hanch
hands
handy
hange
hangs
hanif
hanks
hanky
hanna
hansa
hanse
hants
haole
haoma
haori
hapax
haply
happy
harbi
hards
hardy
hared
harem
hares
harka
harks
harls
harms
harps
harpy
harry
harsh
harts
hasan
hashy
hasky
hasps
hasta
haste
hasty
hatch
hated
hater
hates
hathi
hatty
haugh
hauld
haulm
hauls
haunt
hause
haute
havel
haven
haver
haves
havoc
hawed
hawer
hawks
hawky
hawok
hawse
hayed
hayer
hayey
hazan
hazed
hazel
hazen
hazer
hazes
hazle
heads
heady
heald
heals
heaps
heapy
heard
hears
heart
heath
heats
heave
heavy
hebes
hecks
hecte
heder
hedge
hedgy
heeds
heedy
heels
heeze
heezy
hefts
hefty
heiau
heigh
heils
heirs
heist
helio
helix
hello
hells
helly
helms
heloe
helos
helot
helps
helve
hemad
hemal
hemen
hemes
hemic
hemin
hemol
hemps
hempy
henad
hence
henna
henny
henry
hents
hepar
herbs
herby
herds
herem
heres
herls
herma
herms
herne
herns
heron
heros
herry
herse
hertz
hests
heths
heuau
heuch
heugh
hewed
hewel
hewer
hexad
hexed
hexer
hexes
hexis
hexyl
hiant
hiate
hicks
hided
hider
hides
hield
highs
hight
hiked
hiker
hikes
hilar
hilch
hillo
hills
hilly
hilsa
hilts
hilum
hilus
hinau
hinch
hinds
hinge
hinny
hints
hiper
hippo
hippy
hired
hirer
hires
hirse
hissy
hists
hitch
hithe
hived
hiver
hives
hoagy
hoard
hoars
hoary
hoast
hobby
hobos
hocco
hocks
hocky
hocus
hodad
hoddy
hoers
hogan
hoggs
hoggy
hoick
hoise
hoist
hoked
hokes
hokey
hokku
hokum
holds
holed
holer
holes
holey
holia
holks
holla
hollo
holly
holms
holts
homed
homer
homes
homey
homie
homos
honan
honda
hondo
honed
honer
hones
honey
hongs
honks
honky
honor
hooch
hoods
hoody
hooey
hoofs
hoofy
hooka
hooks
hooky
hooly
hoops
hoose
hoosh
hoots
hooty
hoove
hoped
hoper
hopes
hoppy
horah
horal
horas
horde
horme
horns
horny
horse
horst
horsy
hosed
hosel
hosen
hoses
hosta
hosts
hotch
hotel
hotly
hough
hound
houri
hours
house
housy
hovel
hoven
hover
howdy
howel
howes
howff
howfs
howks
howls
howso
hoyas
hoyle
huaca
huaco
hubba
hubby
hucho
hucks
huffs
huffy
huger
hulas
hulks
hulky
hullo
hulls
human
humbo
humet
humic
humid
humin
humor
humph
humps
humpy
humus
hunch
hundi
hunks
hunky
hunts
hurds
hurls
hurly
huron
hurry
hurst
hurts
hurty
husho
husks
husky
hussy
hutch
hutia
huzza
hydra
hydro
hyena
hying
hylas
hyleg
hylic
hymen
hymns
hynde
hyoid
hyped
hyper
hypes
hypha
hypho
hypos
hyrax
hyson
iambi
iambs
ibota
icaco
ichor
icica
icier
icily
icing
icker
icons
ictic
ictus
idant
iddat
ideal
ideas
idgah
idiom
idiot
idite
idled
idler
idles
idola
idols
idose
idryl
idyll
idyls
igloo
iglus
ihram
ikats
ikona
ikons
ileac
ileal
ileon
ileum
ileus
iliac
iliad
ilial
iliau
ilima
ilium
iller
illth
image
imago
imams
imaum
imban
imbat
imbed
imber
imbue
imide
imido
imids
imine
imino
immew
immit
immix
impar
imped
impel
impen
impis
imply
impot
imshi
inaja
inane
inapt
inarm
inbye
incog
incur
incus
incut
indan
index
indic
indie
indol
indow
indri
indue
indyl
inept
inerm
inert
infer
infit
infix
infos
infra
ingle
ingot
inial
inion
inked
inken
inker
inket
inkle
inlaw
inlay
inlet
inned
inner
innet
inoma
inone
inorb
input
inrub
inrun
insea
insee
inset
inter
intil
intis
intro
intue
inula
inure
inurn
invar
inwit
iodic
iodid
iodin
iodol
ionic
iotas
irade
irate
irene
irian
irids
iring
irked
iroko
irone
irons
irony
isbas
islay
isled
isles
islet
islot
ismal
issei
issue
istle
itchy
itcze
items
itemy
ither
ivied
ivies
ivory
ixias
ixora
ixtle
izard
izars
izote
iztle
jabia
jabot
jabul
jacal
jacko
jacks
jacky
jaded
jades
jagat
jager
jaggs
jaggy
jagir
jagla
jagra
jagua
jails
jakes
jalap
jalop
jaman
jambe
jambo
jambs
jammy
janes
jantu
janty
janua
japan
japed
japer
japes
jarls
jarra
jarry
jasey
jatha
jatos
jauks
jaunt
jaups
javas
javer
jawab
jawan
jawed
jazzy
jeans
jebel
jeeps
jeers
jeery
jefes
jehad
jehup
jehus
jelab
jello
jells
jelly
jemmy
jenna
jenny
jerez
jerib
jerid
jerks
jerky
jerry
jesse
jests
jetes
jeton
jetty
jewed
jewel
jheel
jhool
jibbs
jibby
jibed
jiber
jibes
jiboa
jiffs
jiffy
jiggy
jihad
jills
jilts
jimmy
jimpy
jingo
jinja
jinks
jinni
jinns
jinny
jiqui
jirga
jisms
jitro
jived
jiver
jives
jivey
jixie
jnana
jocko
jocks
jocum
jodel
joeys
johns
joins
joint
joist
joked
joker
jokes
jokey
jokul
joles
jolly
jolts
jolty
jones
joola
joram
joree
jorum
joshi
josie
jotas
jotty
joual
jough
jouks
joule
jours
joust
jowar
jowed
jowel
jower
jowls
jowly
jowpy
joyed
jubas
jubbe
jubes
judas
judex
judge
judos
jufti
jugal
juger
jugum
juice
juicy
jujus
juked
jukes
julep
julid
julio
jumba
jumbo
jumby
jumma
jumps
jumpy
junco
junks
junky
junta
junto
jupes
jupon
jural
jurat
jurel
juror
justo
justs
jutes
jutka
jutty
juvia
kabab
kabar
kabel
kabob
kadis
kados
kafir
kafiz
kafta
kagus
kahar
kahau
kaiak
kaifs
kails
kains
kaiwi
kakar
kakas
kakis
kakke
kalam
kales
kalif
kalon
kalpa
kamao
kamas
kames
kamik
kanae
kanap
kanas
kanat
kande
kaneh
kanes
kanga
kanji
kaons
kapai
kapas
kaphs
kapok
kappa
kappe
kapur
kaput
karat
karbi
karch
karma
karns
karoo
karou
karri
karst
karts
kasha
kashi
kassu
katar
katas
katha
katun
kauri
kaury
kavas
kayak
kayos
kazoo
kbars
keach
keawe
kebab
kebar
kebob
kecks
kecky
kedge
keech
keefs
keeks
keels
keena
keens
keeps
keest
keets
keeve
kefir
keirs
keita
keleh
kelek
kelep
kelim
kella
kelly
kelps
kelpy
kelty
kemps
kempt
kempy
kenaf
kench
kendo
kenno
kenos
kepis
kerat
kerbs
kerel
kerfs
kerne
kerns
kerry
ketal
ketch
keten
ketol
kette
ketty
ketyl
kevel
kevil
kexes
keyed
khadi
khafs
khair
khaja
khaki
khans
khaph
khass
khats
kheda
kheth
khets
khoja
khoka
khoum
khula
khvat
kiack
kiaki
kiang
kibbe
kibbi
kibei
kibes
kibla
kicks
kicky
kiddo
kiddy
kiefs
kiers
kieye
kikar
kikes
kilah
kilan
kileh
kiley
kilim
kills
killy
kilns
kilos
kilts
kilty
kinah
kinas
kinch
kinda
kinds
kines
kings
kinin
kinks
kinky
kinos
kioea
kiosk
kippy
kirks
kirns
kirve
kishy
kisra
kissy
kists
kiswa
kitab
kitar
kited
kiter
kites
kithe
kiths
kitty
kivas
kiver
kiwis
kiyas
klong
kloof
klops
klosh
kluge
klutz
knack
knape
knaps
knark
knars
knaur
knave
knead
kneed
kneel
knees
knell
knelt
knezi
kniaz
knick
knife
knish
knits
knobs
knock
knoll
knops
knosp
knots
knout
knowe
known
knows
knurl
knurs
knyaz
koala
koali
koans
koban
kobos
kodak
kodro
koels
kohls
kohua
koila
koine
kokam
kokan
kokil
kokio
kokra
kokum
kolas
kolea
kolos
kombu
konak
kongu
konks
kooka
kooks
kooky
kopek
kophs
kopje
koppa
korai
korat
korec
korin
korun
kosin
kotal
kotos
kotow
kouza
kovil
koyan
kraal
kraft
krait
krama
kraut
kreep
kreis
krems
kreng
krill
krina
krome
krona
krone
kroon
krosa
krubi
kubba
kudos
kudus
kudzu
kugel
kukri
kukui
kulah
kulak
kumbi
kumys
kunai
kurta
kurus
kusam
kusha
kusso
kusti
kusum
kvass
kvint
kyack
kyaks
kyars
kyats
kylix
kyrie
kytes
kythe
laang
laari
labba
label
labia
labis
labor
labra
lacca
laced
lacer
laces
lacet
lacey
lache
lacis
lacks
lacto
laded
laden
lader
lades
ladle
laeti
laevo
lagan
lagen
lager
lagna
lahar
laich
laics
laigh
laine
laird
lairs
lairy
laith
laity
laked
laker
lakes
lakhs
lakie
lalls
lamas
lamba
lambs
lamby
lamed
lamel
lamer
lames
lamia
lamin
lammy
lamps
lanai
lanas
lanaz
lance
lands
lanes
laney
langi
lanky
lanum
lapel
lapin
lapis
lapon
lapse
lapsi
larch
lards
lardy
laree
lares
large
largo
larid
larin
laris
larks
larky
larry
larum
larva
larve
lased
laser
lases
lasso
lasts
lasty
latah
latch
lated
laten
later
latex
lathe
lathi
laths
lathy
latke
latro
latte
latus
lauan
lauds
laugh
lauia
laund
laura
lavas
laved
laver
laves
lavic
lawed
lawns
lawny
lawzy
laxer
laxly
layed
layer
layne
layup
lazar
lazed
lazes
leach
leads
leady
leafs
leafy
leaks
leaky
leans
leant
leaps
leapt
learn
lears
leary
lease
leash
least
leath
leave
leavy
leban
leben
leden
ledge
ledgy
ledol
leech
leeks
leeky
leers
leery
leets
lefts
lefty
legal
leger
leges
leggy
legit
legoa
legua
lehrs
lehua
lekha
leman
lemel
lemma
lemme
lemon
lemur
lenad
lench
lends
lenes
lenis
lenos
lense
lenth
lento
leone
leper
lepra
lepta
lerot
lesiy
lessn
letch
lethe
letup
leuch
leuco
leuds
leuma
levee
level
lever
levin
levir
lewis
lewth
lexes
lexia
lexis
lezzy
liana
liane
liang
liard
liars
libel
liber
libra
libri
licca
lichi
licht
licit
licks
lidar
lidos
liege
liens
liers
liesh
lieue
lieus
lieve
lifer
lifey
lifts
ligan
ligas
liger
light
ligne
liked
liken
liker
likes
likin
lilac
lilts
liman
limas
limba
limbi
limbo
limbs
limby
limed
limen
limer
limes
limey
limit
limma
limmu
limns
limos
limpa
limps
limpy
limsy
linac
linch
lindo
lindy
linea
lined
linen
liner
lines
liney
linga
linge
lingo
lings
lingy
linha
linie
linin
linja
linje
links
linky
linns
linon
linos
lints
linty
linum
lions
lipid
lipin
lippy
liras
lirot
lisle
lisps
lists
litai
litas
litch
liter
lithe
lithi
litho
lithy
litra
litre
litus
lived
liven
liver
lives
livid
livor
livre
liwan
llama
llano
loach
loads
loafs
loams
loamy
loans
loath
loave
lobal
lobar
lobby
lobed
lobes
lobos
local
lochs
lochy
locks
locky
locos
locum
locus
loden
lodes
lodge
loess
lofts
lofty
logan
loges
loggy
logia
logic
logie
login
logoi
logos
lohan
loins
lokao
loket
lolls
lolly
loner
longa
longe
longs
looby
looed
looey
loofa
loofs
looie
looks
looms
loons
loony
loops
loopy
loose
loots
loped
loper
lopes
loppy
loral
loran
lords
lordy
lored
lores
loric
loris
lorry
lorum
losel
loser
loses
lossy
lotah
lotas
lotic
lotos
lotte
lotto
lotus
louch
louey
lough
louie
louis
loulu
loupe
loups
lours
loury
louse
lousy
louts
louty
lovat
loved
lover
loves
lowan
lowed
lower
lowes
lowly
lowse
lowth
loxed
loxes
loxia
loxic
loyal
luaus
lubed
lubes
lubra
luces
lucet
lucid
lucks
lucky
lucre
ludes
ludic
luffa
luffs
luged
luger
luges
lulab
lulls
lulus
lumen
lummy
lumps
lumpy
lunar
lunas
lunch
lunes
lunet
lunge
lungi
lungs
lungy
lunks
lunts
lupin
lupis
lupus
lural
lurch
lured
lurer
lures
lurid
lurks
lurky
lurry
lushy
lusky
lusts
lusty
lusus
lutea
luted
luteo
luter
lutes
luxes
luxus
lweis
lyard
lyart
lyase
lycea
lycee
lycid
lyery
lying
lymph
lynch
lyres
lyric
lysed
lyses
lysin
lysis
lyssa
lytic
lytta
maars
mabes
macan
macao
macaw
macco
maced
macer
maces
mache
machi
macho
machs
macks
macle
macon
macro
madam
madid
madly
madre
mafia
mafic
mafoo
magas
mages
magic
magma
magot
magus
mahar
mahoe
mahua
maids
maidy
maiid
maile
maill
mails
maims
mains
maint
maire
mairs
maist
maize
major
makar
maker
makes
makos
makuk
malar
malax
maleo
males
malic
malik
malls
malms
malmy
malts
malty
mamas
mamba
mambo
mamey
mamie
mamma
mammy
manal
manas
manat
maned
manei
manes
maney
manga
mange
mangi
mango
mangy
mania
manic
manid
maniu
manly
manna
manny
manoc
manor
manos
manse
manso
manta
manto
manul
manus
mapau
maple
mappy
maqui
marae
maral
march
marco
marcs
mardy
mares
marge
maria
marid
maris
marka
marks
marli
marls
marly
marok
marry
marse
marsh
marts
marvy
maser
masha
mashy
masks
mason
massa
masse
massy
masts
masty
matai
matax
match
mated
mater
mates
matey
maths
matin
matka
matra
matsu
matta
matte
matti
matts
matza
matzo
mauds
maugh
mauls
maund
mauts
mauve
maven
mavie
mavin
mavis
mawed
mawky
maxed
maxes
maxim
maxis
mayan
mayas
maybe
mayed
maynt
mayor
mayos
mayst
mazed
mazer
mazes
mazic
mazut
mbira
mbori
meads
meals
mealy
means
meant
meany
mease
meats
meaty
mecca
mecon
medal
media
medic
medii
medio
meece
meeds
meese
meets
meile
meiny
meith
melam
melch
melds
melee
melic
mells
meloe
melon
melos
melts
memes
memos
menad
mends
mensa
mense
mensk
menta
menus
meous
meows
merch
mercy
merde
merel
merer
meres
merge
mergh
meril
merit
merks
merle
merls
merop
meros
merry
merse
mesad
mesal
mesas
mesem
meshy
mesic
mesne
meson
messe
messy
metad
metal
meted
metel
meter
metes
meths
metic
metis
metra
metre
metro
metze
meuse
meute
mewed
mewer
mewls
mezes
mezzo
miaou
miaow
miasm
miaul
micas
miche
micht
micks
micra
micro
middy
midge
midgy
midis
midst
miens
miffs
miffy
miggs
might
miked
mikes
mikie
mikra
milch
miler
miles
milha
milia
milks
milky
milla
mille
mills
milos
milpa
milts
milty
mimed
mimeo
mimer
mimes
mimic
mimly
minae
minar
minas
mince
mincy
minds
mined
miner
mines
minge
mingy
minim
minis
minke
minks
minny
minor
minot
mints
minty
minus
miqra
mired
mires
mirex
mirid
mirks
mirky
mirth
mirza
misdo
miser
mises
misgo
misky
misos
missy
mists
misty
miter
mites
mitis
mitra
mitre
mitts
mitty
mixed
mixen
mixer
mixes
mixup
mizen
mizzy
mneme
moans
moats
mobby
mobed
moble
mocha
mocks
modal
model
modem
modes
modus
moggy
mogul
mohar
mohel
mohur
moils
moira
moire
moise
moist
moity
mojos
mokes
mokum
molal
molar
molas
molds
moldy
moler
moles
molka
molle
molls
molly
molpe
molto
molts
momes
momma
momme
mommy
momus
monad
monal
monas
monde
mondo
monel
moner
money
mongo
monie
monks
monny
monos
monte
month
mooch
moods
moody
mooed
moola
mools
moons
moony
moorn
moors
moory
moosa
moose
moost
mooth
moots
moped
moper
mopes
mopey
mopla
moppy
mopsy
mopus
morae
moral
moras
morat
moray
morel
mores
morga
moric
morin
mormo
morne
morns
moroc
moron
morph
morro
morse
morth
morts
mosey
mosks
mosso
mossy
moste
mosts
moted
motel
moter
motes
motet
motey
moths
mothy
motif
motor
motte
motto
motts
mouch
moudy
moues
mould
moule
mouls
moult
mouly
mound
mount
mourn
mouse
mousy
mouth
moved
mover
moves
movie
mowch
mowed
mower
mowha
mowie
mowra
mowse
mowth
moxas
moxie
moyen
moyle
mozos
mpret
muang
mucic
mucid
mucin
mucks
mucky
mucor
mucro
mucus
mudar
mudde
muddy
mudee
mudir
mudra
muffs
muffy
mufti
mufty
muggs
muggy
muhly
muist
mujik
mukti
mulch
mulct
muled
mules
muley
mulga
mulla
mulls
mulse
mumms
mummy
mumps
mumus
munch
munga
munge
mungo
mungy
munis
muons
mural
muras
mured
mures
murex
murga
murid
murks
murky
murly
murra
murre
murrs
murry
murva
murza
musal
musar
musca
mused
muser
muses
musha
mushy
music
musie
musks
musky
mussy
musth
musts
musty
mutch
muted
muter
mutes
mutic
muton
mutts
muzzy
myall
mynah
mynas
myoid
myoma
myope
myops
myopy
myron
myrrh
mysel
mysid
myths
mythy
naans
nabak
nabes
nabis
nabla
nable
nabob
nacho
nacre
nacry
nadas
nadir
naevi
naggy
naght
nagor
naiad
naifs
nails
naily
naira
nairy
naish
naive
naked
naker
nakoo
naled
namaz
namda
named
namer
names
nanas
nance
nancy
nandi
nandu
nanes
nanga
nanny
napal
napes
napoo
nappe
nappy
narco
narcs
nards
nares
naric
naris
narks
narky
narra
nasab
nasal
nasch
nasty
nasus
natal
natch
nates
nathe
natty
naumk
naunt
naval
navar
navel
naves
navet
navew
navvy
nawab
nazim
nazir
nazis
neaps
nears
neath
neats
nebby
nebel
necks
neddy
needs
needy
neeld
neele
neems
neeps
neese
neeze
neffy
neger
negro
negus
neifs
neigh
neist
nelly
nemas
nenes
nenta
neons
neoza
neper
nerds
nerdy
nerol
nerts
nertz
nerve
nervy
nests
nesty
neter
netop
netts
netty
neuks
neuma
neume
neums
nevel
never
neves
nevoy
nevus
newel
newer
newie
newly
newsy
newts
nexal
nexum
nexus
ngaio
ngapi
ngwee
niata
nibby
nicad
nicer
niche
nicks
nicky
nicol
nidal
nided
nides
nidge
nidor
nidus
niece
niepa
nieve
nific
nifle
nifty
nighs
night
nigre
nigua
nihil
nikau
nills
nimbi
nines
ninja
ninny
ninon
ninth
nintu
ninut
niota
nipas
nippy
nisei
nisse
nisus
nitch
niter
nites
nitid
niton
nitre
nitro
nitty
nival
nixed
nixes
nixie
nizam
njave
nobby
noble
nobly
nocks
nodal
noddy
noded
nodes
nodus
noels
nogal
noggs
nohow
noils
noily
noint
noirs
noise
noisy
nokta
nolle
nolos
nomad
nomas
nomen
nomes
nomic
nomoi
nomos
nonas
nonce
nonda
nondo
nones
nonet
nonic
nonly
nonya
nonyl
nooks
nooky
noons
noose
nopal
noria
norie
noris
norma
norms
north
nosed
noser
noses
nosey
notal
notan
notch
noted
noter
notes
notum
nouns
novae
novas
novel
novem
noway
nowed
nowel
nowts
noxal
noyau
nubby
nubia
nucal
nucha
nucin
nuder
nudes
nudge
nudie
nudzh
nuked
nukes
nullo
nulls
numbs
numda
numen
nummi
numud
nunch
nunky
nunni
nuque
nurds
nurls
nurly
nurse
nursy
nutsy
nutty
nyala
nylon
nymil
nymph
nyxis
oadal
oaken
oakum
oared
oaric
oasal
oases
oasis
oasts
oaten
oater
oaths
oaves
obeah
obeli
obese
obeys
obias
obits
objet
obley
oboes
obole
oboli
obols
occur
ocean
ocher
ochre
ochro
ochry
ocker
ocote
ocque
ocrea
octad
octal
octan
octet
octic
octyl
ocuby
oculi
odder
oddly
odeon
odeum
odist
odium
odoom
odors
odour
odyle
odyls
oecus
oenin
ofays
offal
offed
offer
often
ofter
oftly
ogams
ogeed
ogees
ogham
ogive
ogled
ogler
ogles
ogmic
ogres
ohelo
ohias
ohing
ohmic
oidia
oiled
oiler
oinks
oisin
okapi
okays
okehs
okras
okrug
olden
older
oldie
oleic
olein
olena
olent
oleos
oleum
olios
oliva
olive
ollas
ology
olona
omasa
omber
ombre
omega
omens
omers
omina
omits
omlah
onces
oncia
oncin
onery
onion
onium
onkos
onlay
onset
ontal
ontic
onymy
oohed
oolak
oolly
oomph
oopak
oopod
oorie
ootid
oozed
oozes
opahs
opals
opens
opera
ophic
opine
oping
opium
opsin
opted
optic
orach
orage
orals
orang
orant
orary
orate
orbed
orbic
orbit
orcas
orcin
order
ordos
oread
organ
orgia
orgic
orgue
oribi
oriel
orles
orlet
orlop
ormer
ornis
orpin
orris
orsel
ortet
ortho
orzos
oscin
osela
oshac
oside
osier
osmic
osmin
osmol
osone
ossal
ossia
ostia
otary
otate
other
otkon
ottar
otter
ottos
ouabe
ought
oukia
oulap
ounce
ounds
ouphe
ouphs
ourie
ousel
ousts
outby
outdo
outed
outen
outer
outgo
outly
outre
ouzel
ouzos
ovals
ovant
ovary
ovate
ovens
overs
overt
ovest
ovile
ovine
ovism
ovist
ovoid
ovoli
ovolo
ovule
owght
owing
owler
owlet
owned
owner
owsen
owser
oxane
oxbow
oxboy
oxeye
oxfly
oxide
oxids
oxime
oxims
oxlip
oxman
oxter
oyers
ozena
ozone
paauw
pablo
pacas
pacay
paced
pacer
paces
pacha
packs
pacts
paddy
padge
padis
padle
padre
padri
paean
paeon
pagan
paged
pager
pages
pagod
pagus
pahmi
paiks
pails
pains
paint
pairs
paisa
paise
palar
palas
palay
palch
palea
paled
paler
pales
palet
palla
palli
palls
pally
palma
palmo
palms
palmy
palpi
palps
palsy
palus
pampa
panax
panda
pandy
paned
panel
panes
panga
pangi
pangs
panic
panne
panse
pansy
panto
pants
panty
paolo
papal
papas
papaw
paper
papey
pappi
pappy
papyr
parae
parah
param
parao
paras
parch
pardi
pardo
pards
pardy
pared
parel
paren
pareo
parer
pares
pareu
parge
pargo
paris
parka
parks
parky
parle
parly
parma
parol
parrs
parry
parse
parto
parts
party
parve
parvo
pasan
paseo
pases
pasha
pashm
pasmo
passe
passo
pasta
paste
pasts
pasty
pasul
patao
patas
patch
pated
patel
paten
pater
pates
paths
pathy
patin
patio
patly
patsy
patta
patte
pattu
patty
pause
pauxi
pavan
paved
paver
paves
pavid
pavin
pavis
pawed
pawer
pawky
pawls
pawns
paxes
payed
payee
payer
payor
peace
peach
peage
peags
peaks
peaky
peals
peans
pearl
pears
peart
pease
peasy
peats
peaty
peavy
pecan
pechs
pecht
pecks
pecky
pedal
pedee
pedes
pedro
pedum
peeks
peele
peels
peens
peeoy
peeps
peepy
peers
peery
peeve
peggy
peine
peins
peise
pekan
pekes
pekin
pekoe
peles
pelfs
pelon
pelta
pelts
penal
pence
penda
pends
penes
pengo
penis
penna
penne
penni
penny
pensy
penta
peons
peony
pepla
pepos
peppy
perch
perdu
perdy
perea
peres
peril
peris
perit
perks
perky
perle
perms
perps
perry
perse
perty
pesky
pesos
peste
pesto
pests
pesty
petal
peter
petit
petre
petti
petto
petty
peuhl
pewee
pewit
pfund
phage
phano
phare
phase
phasm
pheal
phene
pheon
phial
phish
phlox
phoby
phoca
phone
phono
phons
phony
phose
photo
phots
phpht
phuts
phyla
phyle
phyma
piaba
piano
pians
pibal
pical
picas
pichi
picks
picky
picot
picra
picul
pidan
piece
piend
piers
pieta
piety
piezo
piggy
pigly
pigmy
piing
pikas
piked
pikel
piker
pikes
pikey
pikis
pikle
pilaf
pilar
pilau
pilaw
pilch
pilea
piled
pilei
piler
piles
pilin
pilis
pills
pilmy
pilon
pilot
pilum
pilus
pimas
pimps
pinas
pinax
pinch
pinda
pindy
pined
piner
pines
piney
pingo
pings
pinic
pinko
pinks
pinky
pinna
pinny
pinon
pinot
pinta
pinte
pinto
pints
pinup
pinyl
pions
pious
pipal
piped
piper
pipes
pipet
pipit
pippy
pique
pirns
pirny
pirog
pirol
pisay
pisco
pishu
pisky
pisos
piste
pitas
pitau
pitch
piths
pithy
piton
piuri
pivot
pixel
pixes
pixie
pizza
place
plack
plaga
plage
plaid
plain
plait
plane
plang
plank
plans
plant
plash
plasm
plass
plate
plats
platy
plaud
playa
plays
plaza
plead
pleas
pleat
plebe
plebs
pleck
plena
pleny
pleon
plews
plica
plied
plier
plies
plink
ploat
ploce
plock
plods
plomb
plonk
plook
plops
plote
plots
plotz
plouk
plout
plows
ploys
pluck
pluff
plugs
pluma
plumb
plume
plump
plums
plumy
plunk
plush
plyer
poach
pobby
poche
pocks
pocky
podal
poddy
podex
podge
podgy
podia
poems
poesy
poets
pogey
pogge
poggy
pohna
poilu
poind
point
poise
poked
poker
pokes
pokey
polar
poled
poler
poles
poley
polio
polis
polka
polls
polos
polyp
polys
pombe
pombo
pomes
pomey
pomme
pommy
pompa
pomps
ponce
ponds
pondy
pones
poney
ponga
pongs
ponja
ponto
pooch
poods
poofs
poofy
poohs
pooka
pooli
pools
pooly
poons
poops
poori
poove
popal
popes
poppa
poppy
popsy
poral
porch
pored
porer
pores
porge
porgy
porks
porky
porno
porns
porny
poros
porry
porta
porto
ports
porty
porus
posca
posed
poser
poses
posey
posit
posse
posts
potch
poter
potoo
potsy
potto
potty
pouce
pouch
pouff
poufs
poulp
poult
pound
pours
pouts
pouty
power
poxed
poxes
poyou
praam
prahu
prams
prana
prang
prank
praos
prase
prate
prats
praus
prawn
praya
prays
preed
preen
prees
preps
presa
prese
press
prest
prexy
preys
price
prich
prick
pricy
pride
pridy
pried
prier
pries
prigs
prill
prima
prime
primi
primo
primp
prims
primy
prine
prink
print
prion
prior
prise
prism
priss
prius
privy
prize
proal
proas
probe
prods
proem
profs
progs
proke
prole
promo
proms
prone
prong
proof
props
prore
prose
proso
pross
prost
prosy
prote
proto
proud
prove
prowl
prows
proxy
prude
prune
prunt
pruta
pryer
pryse
psalm
pseud
pshaw
psoae
psoai
psoas
psora
psych
pubal
pubes
pubic
pubis
puces
pucka
pucks
puddy
pudge
pudgy
pudic
pudsy
puffs
puffy
puggi
puggy
pugil
puist
pujah
pujas
puked
puker
pukes
pukka
puled
puler
pules
pulik
pulis
pulka
pulli
pulls
pulps
pulpy
pulse
pumas
pumps
punas
punch
punct
punga
pungi
pungs
punka
punks
punky
punny
punta
punti
punto
punts
punty
pupae
pupal
pupas
pupil
puppy
purda
purdy
pured
puree
purer
purga
purge
purin
puris
purls
purre
purrs
purry
purse
pursy
puses
pushy
pussy
putid
puton
putti
putto
putts
putty
pyche
pygal
pygmy
pyins
pylar
pylic
pylon
pyoid
pyral
pyran
pyres
pyrex
pyric
pyxes
pyxie
pyxis
qaids
qanat
qophs
quack
quads
quaff
quags
quail
quais
quake
quaky
quale
qualm
quant
quare
quark
quarl
quart
quash
quasi
quass
quata
quate
quauk
quave
quawk
quays
qubba
queak
queal
quean
queen
queer
queet
quegh
quell
queme
querl
quern
query
quest
queue
queys
quica
quick
quids
quiet
quiff
quila
quill
quilt
quina
quink
quins
quint
quipo
quips
quipu
quira
quire
quirk
quirl
quirt
quite
quits
quods
quoin
quoit
quota
quote
quoth
qursh
raash
rabat
rabbi
rabic
rabid
raced
racer
races
rache
racks
racon
radar
radii
radio
radix
radon
raffe
raffs
rafts
rafty
ragas
raged
ragee
rager
rages
raggy
ragis
raias
raids
rails
rains
rainy
raise
rajah
rajas
rajes
rakan
raked
rakee
raker
rakes
rakis
rakit
rales
rally
ralph
ramal
ramed
ramee
ramen
ramet
ramex
ramie
rammy
ramps
ramus
ranal
rance
ranch
rands
randy
ranee
range
rangy
ranid
ranis
ranks
ranny
rants
ranty
raped
raper
rapes
raphe
rapic
rapid
rappe
rared
rarer
rares
rased
rasen
raser
rases
rasps
raspy
rasse
ratal
ratan
ratch
rated
ratel
rater
rates
rathe
ratio
ratos
ratti
ratty
ratwa
rauli
raupo
raved
ravel
raven
raver
raves
ravin
rawer
rawin
rawly
raxed
raxes
rayah
rayas
rayed
rayon
razed
razee
razer
razes
razoo
razor
reaal
reach
react
readd
reads
ready
realm
reals
reams
reamy
reaps
rearm
rears
reask
reasy
reata
reave
rebab
rebag
reban
rebar
rebbe
rebec
rebed
rebeg
rebel
rebia
rebid
rebob
rebop
rebox
rebud
rebus
rebut
rebuy
recap
recce
recco
reccy
recks
recon
recta
recti
recto
recur
recut
redan
redds
reddy
reded
redes
redia
redid
redig
redip
redly
redon
redos
redox
redry
redub
redue
redux
redye
reeds
reedy
reefs
reefy
reeks
reeky
reels
reese
reesk
reest
reeve
refan
refed
refel
refer
refit
refix
refly
refry
regal
reges
reget
regia
regin
regle
regma
regna
regur
rehab
rehem
rehoe
reifs
reify
reign
reina
reink
reins
reive
rekey
relap
relax
relay
relet
relic
relit
relot
reman
remap
remet
remex
remit
remix
remop
renal
rends
reneg
renes
renet
renew
renig
renin
renky
renne
rente
rents
reoil
reown
repay
repeg
repel
repen
repew
repic
repin
reply
repos
repot
repps
repro
reran
reree
rerig
rerob
rerow
rerub
rerun
resaw
resay
resee
reset
resew
resex
resid
resin
resod
resow
rests
resty
resue
resun
resup
retag
retan
retax
retch
retem
rethe
retia
retie
retin
retip
retro
retry
reune
reuse
revel
rever
revet
revie
revue
rewan
rewax
rewed
rewet
rewin
rewon
rexen
rexes
rhamn
rheas
rheen
rheic
rhein
rhema
rheme
rheum
rhine
rhino
rhomb
rhumb
rhyme
rhymy
rhyta
rials
riant
riata
ribat
ribby
ribes
riced
ricer
rices
ricey
richt
ricin
ricks
riden
rider
rides
ridge
ridgy
riels
rifer
riffs
rifle
rifts
rifty
right
rigid
rigol
rigor
riled
riles
riley
rille
rills
rilly
rimal
rimed
rimer
rimes
rimpi
rinch
rinds
rindy
ringe
rings
ringy
rinka
rinks
rinse
rioja
riots
ripal
riped
ripen
riper
ripes
ripup
risen
riser
rises
rishi
risks
risky
risus
rites
ritzy
rival
rived
rivel
riven
river
rives
rivet
riyal
roach
roads
roams
roans
roars
roast
robed
rober
robes
robin
roble
robot
robur
rocks
rocky
rocta
rodeo
rodge
rogan
roger
rogue
rohan
rohob
rohun
roils
roily
rokee
roker
rokey
roleo
roles
rolfs
rolls
romal
roman
romeo
romps
rompu
rompy
ronco
ronde
rondo
roods
roofs
roofy
rooks
rooky
rooms
roomy
roosa
roose
roost
roots
rooty
roove
roped
roper
ropes
ropey
roque
roral
roric
rorty
rosal
rosed
rosel
roses
roset
rosin
rotal
rotan
rotas
rotch
roter
rotes
rotge
rotis
rotls
rotor
rotos
rotte
rouen
roues
rouge
rough
rougy
rouky
round
roups
roupy
rouse
roust
route
routh
routs
roved
roven
rover
roves
rovet
rowan
rowdy
rowed
rowel
rowen
rower
rowet
rowth
rowty
royal
royet
rozum
ruach
ruana
rubes
ruble
rubor
rubus
ruche
rucks
rucky
rudas
rudds
ruddy
ruder
rudge
ruers
ruffe
ruffs
rufus
rugae
rugal
rugby
ruggy
ruing
ruins
ruled
ruler
rules
rumal
rumba
rumbo
rumen
rumly
rummy
rumor
rumps
runby
runch
runed
runer
runes
rungs
runic
runny
runts
runty
rupee
rupia
rupie
rural
ruses
rushy
rusks
rusky
rusma
rusot
rusts
rusty
rutch
ruths
rutic
rutin
rutty
rutyl
ruvid
rybat
ryder
ryked
rykes
rynds
ryots
sabed
saber
sabes
sabin
sabir
sable
sably
sabot
sabra
sabre
sabzi
sacks
sacra
sacro
sades
sadhe
sadhu
sadic
sadis
sadly
safen
safer
safes
sagas
sager
sages
saggy
sagos
sagum
sahib
sahme
saice
saids
saiga
sails
saily
saimy
sains
saint
sairy
saith
sajou
saker
sakes
sakis
salad
salal
salar
salat
salay
salep
sales
salic
salix
salle
sally
salma
salmi
salol
salon
salpa
salps
salsa
salse
salta
salts
salty
salve
salvo
salvy
samaj
saman
samba
sambo
samek
samel
samen
sames
sammy
sampi
samps
sanai
sanct
sands
sandy
saned
saner
sanes
sanga
sangh
sangs
sansi
santo
sapan
sapek
sapid
sapin
saple
sapor
sappy
saraf
saran
sards
saree
sarge
sargo
sarif
sarin
sarip
saris
sarks
sarky
sarna
sarod
saron
saros
sarpo
sarra
sarsa
sarus
sasan
sasin
sassy
satan
satay
sated
satem
sates
satin
satis
satyr
sauce
sauch
saucy
saugh
sauld
sauls
sault
sauna
saury
saute
sauty
sauve
saved
saver
saves
savin
savor
savoy
savvy
sawah
sawed
sawer
saxes
sayer
sayid
sayst
sazen
scabs
scads
scaff
scags
scala
scald
scale
scall
scalp
scalt
scaly
scamp
scams
scans
scant
scape
scare
scarf
scarn
scarp
scars
scart
scary
scase
scats
scatt
scaul
scaum
scaup
scaur
scaut
scawd
scawl
sceat
scena
scend
scene
scent
schav
schmo
schuh
schul
schwa
scind
scion
sclaw
scler
sclim
scoad
scobs
scoff
scoke
scolb
scold
scone
scoon
scoop
scoot
scopa
scope
scops
score
scorn
scote
scots
scouk
scoup
scour
scout
scove
scovy
scowl
scows
scrab
scrae
scrag
scram
scran
scrap
scrat
scraw
scray
scree
screw
scrim
scrin
scrip
scrob
scrod
scrog
scroo
scrow
scrub
scruf
scrum
scuba
scudi
scudo
scuds
scuff
scuft
sculk
scull
sculp
scums
scups
scurf
scuse
scuta
scute
scuts
seals
seams
seamy
sears
seary
seats
seave
seavy
sebum
secco
secos
secre
sects
sedan
seder
sedge
sedgy
sedum
seech
seeds
seedy
seege
seeks
seels
seely
seems
seeps
seepy
seers
segni
segno
segol
segos
segue
seifs
seine
seise
seism
seity
seize
sekos
selah
selfs
sella
selle
sells
selly
selva
semen
semes
semic
semis
senam
sence
sends
sengi
senna
senor
sensa
sense
senso
sente
senti
sepad
sepal
sepia
sepic
sepoy
septa
septs
sequa
serab
serac
serai
seral
serau
seraw
sered
sereh
serer
seres
serfs
serge
serif
serin
serio
sermo
seron
serow
serra
serry
serta
serum
serut
serve
servo
sesma
sesti
setae
setal
seton
setts
setup
seugh
seven
sever
sewan
sewar
sewed
sewen
sewer
sexed
sexes
sexly
sexto
sexts
sfoot
shack
shade
shads
shady
shaft
shags
shahi
shahs
shake
shako
shaku
shaky
shale
shall
shalt
shaly
shama
shame
shams
shank
shant
shape
shaps
shapy
shard
share
shark
sharn
sharp
shaul
shaup
shave
shawl
shawm
shawn
shaws
shawy
shays
sheaf
sheal
shear
sheas
sheat
sheds
sheen
sheep
sheer
sheet
sheik
shela
sheld
shelf
shell
shend
sheng
shent
sheol
sherd
sheth
sheva
shewa
shewn
shews
shice
shide
shied
shiel
shier
shies
shift
shiko
shilf
shill
shily
shims
shine
shins
shiny
ships
shire
shirk
shirl
shirr
shirt
shish
shisn
shist
shita
shits
shiva
shive
shivs
shivy
shlep
shoad
shoal
shoat
shock
shode
shoed
shoer
shoes
shogi
shogs
shoji
shola
shole
shone
shood
shooi
shook
shool
shoon
shoop
shoor
shoos
shoot
shops
shore
shorl
shorn
short
shote
shots
shott
shout
shove
shown
shows
showy
shoya
shoyu
shrab
shraf
shrag
shram
shrap
shred
shree
shrew
shrip
shris
shrog
shrub
shrug
shtik
shuba
shuck
shuff
shuln
shuls
shune
shuns
shunt
shure
shurf
shush
shute
shuts
shyer
shyly
sials
sibbs
sibby
sibyl
sicca
sices
sicko
sicks
sided
sider
sides
sidhe
sidle
sidth
siege
sieur
sieve
sievy
sifac
sifts
sighs
sight
sigil
sigla
sigma
signs
sikar
siker
sikes
siket
silds
silen
silex
silks
silky
sills
silly
silos
silts
silty
silva
silyl
simal
simar
simas
simps
sinal
since
sines
sinew
singe
singh
sings
sinhs
sinks
sinky
sinus
siped
siper
sipes
sipid
sired
siree
siren
sires
sirih
siris
sirki
sirky
siroc
sirra
sirup
sisal
sisel
sises
sissy
sitao
sitar
sitch
sited
sites
sithe
sitio
situp
situs
siver
sixer
sixes
sixmo
sixte
sixth
sixty
sizal
sizar
sized
sizer
sizes
skaff
skags
skair
skald
skart
skate
skats
skean
skeed
skeeg
skeel
skeen
skeer
skees
skeet
skegs
skeif
skein
skelf
skell
skelm
skelp
skemp
skene
skeps
skere
skete
skewl
skews
skewy
skice
skids
skied
skier
skies
skiey
skiff
skift
skill
skime
skimo
skimp
skims
skink
skins
skint
skips
skirl
skirp
skirr
skirt
skite
skits
skive
skoal
skosh
skout
skuas
skulk
skull
skulp
skunk
skuse
skyed
skyey
skyre
slabs
slack
slade
slags
slain
slait
slake
slaky
slamp
slams
slane
slang
slank
slant
slape
slaps
slare
slart
slash
slate
slath
slats
slaty
slaum
slave
slaws
slays
sleck
sleds
sleek
sleep
sleer
sleet
slent
slept
slete
slews
slice
slich
slick
slide
slier
slily
slime
slims
slimy
sline
sling
slink
slipe
slips
slipt
slirt
slish
slite
slits
slive
sloan
slobs
slock
sloes
slogs
sloid
slojd
sloka
sloke
slone
slonk
sloom
sloop
slope
slops
slopy
slorp
slosh
slote
sloth
slots
slour
slows
sloyd
slubs
slued
sluer
slues
sluff
slugs
sluig
sluit
slump
slums
slung
slunk
slurb
slurp
slurs
slush
sluts
slyer
slyly
slype
smack
smaik
small
smalm
smalt
smarm
smart
smash
smaze
smear
smeek
smeer
smell
smelt
smerk
smeth
smews
smich
smile
smily
smirk
smite
smith
smock
smogs
smoke
smoky
smolt
smook
smoot
smore
smote
smous
smout
smurr
smuse
smush
smuts
smyth
snack
snaff
snafu
snags
snail
snake
snaky
snape
snaps
snapy
snare
snark
snarl
snary
snash
snath
snaws
snead
sneak
sneap
sneck
sneds
sneer
snell
snerp
snibs
snick
snide
sniff
snift
snipe
snips
snipy
snirl
snirt
snite
snits
snivy
snobs
snock
snoek
snoga
snogs
snoke
snood
snook
snool
snoop
snoot
snore
snork
snort
snots
snout
snowk
snowl
snows
snowy
snubs
snuck
snuff
snugs
snurl
snurp
snurt
snyes
soaks
soaky
soaps
soapy
soars
soary
soave
sobby
sober
socht
socii
socko
socks
socky
socle
sodas
soddy
sodic
sodio
sodom
sofar
sofas
softa
softs
softy
soger
soget
soggy
soils
soily
sojas
soken
sokes
sokol
solan
solar
solay
soldi
soldo
solea
soled
solei
solen
soler
soles
solid
solio
solod
solon
solos
solum
solus
solve
somal
somas
somma
sonar
sonde
sones
songs
songy
sonic
sonly
sonny
sonsy
sooey
sooks
sooky
soord
sooth
soots
sooty
sophs
sophy
sopor
soppy
soral
soras
sorbs
sorda
sords
soree
sorel
sorer
sores
sorgo
sorns
sorra
sorry
sorta
sorts
sorty
sorus
sorva
soths
sotie
sotol
sough
souks
souls
souly
sound
soups
soupy
sours
soury
souse
south
sowan
sowar
sowed
sowel
sower
sowle
sowse
sowte
soyas
soyuz
sozin
space
spack
spacy
spade
spado
spaed
spaer
spaes
spahi
spaid
spaik
spail
spait
spake
spald
spale
spall
spalt
spams
spane
spang
spank
spann
spans
spare
spark
sparm
spars
spart
spary
spasm
spate
spats
spave
spawn
spays
speak
speal
spean
spear
spece
speck
specs
speed
speel
speen
speer
speil
speir
spelk
spell
spelt
spend
spent
speos
sperm
spews
spewy
spica
spice
spick
spics
spicy
spied
spiel
spier
spies
spiff
spike
spiks
spiky
spile
spill
spilt
spina
spine
spink
spins
spiny
spire
spiro
spirt
spiry
spise
spite
spits
spitz
spivs
splat
splay
splet
split
spode
spoil
spoke
spoky
spole
spong
spoof
spook
spool
spoom
spoon
spoor
spoot
spore
sport
sposh
spots
spout
sprad
sprag
sprat
spray
spree
spret
sprew
sprig
sprit
sprod
sprue
sprug
spuds
spued
spues
spuke
spume
spumy
spung
spunk
spurl
spurn
spurs
spurt
sputa
spyer
squab
squad
squam
squat
squaw
squeg
squib
squid
squin
squit
sruti
staab
stabs
stack
stade
staff
stage
stags
stagy
staia
staid
staig
stain
staio
stair
stake
stale
stalk
stall
stamp
stand
stane
stang
stank
staph
stare
stark
starn
stars
start
stary
stash
state
stats
stauk
staun
staup
stave
stawn
stays
stchi
stead
steak
steal
steam
stean
stech
steed
steek
steel
steen
steep
steer
steid
stein
stela
stele
stell
stema
stems
stend
steng
steno
stent
steps
stept
stere
steri
sterk
stern
stero
stert
stets
stews
stewy
stich
stick
stied
sties
stife
stiff
stile
still
stilt
stime
stimy
stine
sting
stink
stint
stion
stipe
stirk
stirp
stirs
stite
stith
stive
stivy
stoae
stoai
stoas
stoat
stobs
stock
stoep
stoff
stoga
stogy
stoic
stoke
stola
stole
stoma
stomp
stond
stone
stong
stony
stood
stoof
stook
stool
stoon
stoop
stoot
stopa
stope
stops
stopt
store
stork
storm
story
stosh
stoss
stoun
stoup
stour
stout
stove
stowp
stows
strad
strae
strag
stram
strap
straw
stray
stree
strep
stret
strew
strey
stria
strid
strig
strip
strit
strix
strom
strop
strow
stroy
strub
strue
strum
strut
struv
stubb
stubs
stuck
stude
studs
study
stuff
stull
stulm
stump
stums
stung
stunk
stuns
stunt
stupa
stupe
stupp
sturk
sturt
stuss
styan
styca
styed
styes
style
styli
stylo
stymy
suade
suant
suave
subah
subas
suber
succi
sucks
sucre
sudds
suddy
sudor
sudsy
suede
suers
suets
suety
sugan
sugar
sughs
suine
suing
suint
suist
suite
suits
suity
sulci
sulea
sulfa
sulfo
sulka
sulks
sulky
sulla
sully
sulus
sumac
summa
sumos
sumph
sumps
sunna
sunns
sunny
sunup
super
supes
supra
surah
sural
suras
surat
surds
surer
sures
surfs
surfy
surge
surgy
surly
surma
surra
sushi
sutor
sutra
sutta
swabs
swack
swage
swags
swail
swain
swale
swami
swamp
swamy
swang
swank
swans
swape
swaps
sward
sware
swarf
swarm
swart
swash
swath
swats
sways
sweal
swear
sweat
swede
sweep
sweer
sweet
swego
swell
swelp
swelt
swept
swerd
swick
swift
swigs
swile
swill
swims
swimy
swine
swing
swink
swipe
swipy
swird
swire
swirl
swish
swiss
swith
swive
swobs
swoon
swoop
swops
sword
swore
sworn
swosh
swots
swoun
swung
swure
sycee
syces
sykes
sylid
sylis
sylph
sylva
synch
syncs
synod
synth
syphs
syren
syrma
syrup
sysop
tabby
taber
tabes
tabet
tabic
tabid
tabla
table
tabog
taboo
tabor
tabun
tabus
tabut
taces
tacet
tache
tachs
tacit
tacks
tacky
tacos
tacso
tacts
taels
taffy
tafia
taggy
tagua
tahil
tahin
tahrs
tahua
taich
taiga
tails
taily
tains
taint
taipo
tairn
taise
tajes
takar
takas
taken
taker
takes
takin
takyr
talak
talao
talar
talas
talcs
taled
taler
tales
talis
talks
talky
tally
talma
talon
taluk
talus
tamal
tamas
tambo
tamed
tamer
tames
tamis
tammy
tamps
tanak
tanan
tanga
tangi
tango
tangs
tangy
tanha
tania
tanka
tanks
tanoa
tansy
tanti
tanto
tanzy
tapas
taped
tapen
taper
tapes
tapet
tapia
tapir
tapis
tapoa
tappa
tapul
taqua
taraf
tarau
tardo
tardy
tarea
tared
tares
tarfa
targe
tarie
tarin
tarns
taroc
tarok
taros
tarot
tarps
tarre
tarri
tarry
tarse
tarsi
tarts
tarty
tarve
tasco
tasks
tasse
taste
tasty
tatar
tater
tates
tatie
tatou
tatta
tatty
taula
taunt
taupe
taupo
tauts
taver
tawed
tawer
tawie
tawny
tawpi
tawse
taxed
taxer
taxes
taxis
taxon
taxor
taxus
tayer
tayir
tayra
tazia
tazza
tazze
tchai
teach
teaer
teaey
teaks
teals
teams
tears
teart
teary
tease
teasy
teats
teaty
teave
teaze
techs
techy
tecon
tecta
tecum
teddy
tedge
teels
teems
teens
teeny
teest
teeth
teety
teffs
tegua
teiid
teind
tejon
tekke
tekya
telae
telar
teles
telex
telia
telic
tells
tellt
telly
teloi
telos
telyn
teman
tembe
temin
tempi
tempo
temps
tempt
temse
tenai
tench
tends
tenet
tenge
tengu
tenia
tenio
tenne
tenon
tenor
tense
tenth
tents
tenty
tepal
tepas
tepee
tepid
tepor
tepoy
terai
terap
teras
terce
terek
tereu
terga
terma
terms
terna
terne
terns
terra
terry
terse
terzo
tesla
testa
teste
tests
testy
tetch
tetel
teths
tetra
teuch
teugh
tewed
tewel
tewer
tewit
tewly
texas
texts
thack
thana
thane
thank
tharf
tharm
thatn
thats
thave
thawn
thaws
thawy
theah
theat
thebe
theca
theek
theer
thees
theet
theft
thegn
thein
their
thema
theme
thens
theow
there
therm
these
theta
thews
thewy
thick
thief
thigh
thilk
thill
thine
thing
think
thins
thiol
third
thirl
thirt
thisn
thoft
thoke
thole
tholi
thone
thong
thoom
thore
thorn
thoro
thorp
thort
those
thous
thowt
thram
thrap
thraw
three
threw
thrip
throb
throe
throu
throw
thrum
thruv
thuds
thugs
thuja
thulr
thumb
thump
thung
thunk
thuoc
thurl
thurm
thurt
thuya
thyme
thymi
thymy
tiang
tiara
tibby
tibet
tibey
tibia
tical
ticca
ticer
ticks
ticky
ticul
tidal
tiddy
tided
tides
tiers
tiffs
tiffy
tiger
tight
tigon
tikes
tikis
tikka
tikor
tikur
tilak
tilde
tiled
tiler
tiles
tills
tilly
tilth
tilts
tilty
timar
timbe
timbo
timed
timer
times
timid
timon
timor
tinct
tinea
tined
tines
tinge
tingi
tings
tinny
tinta
tints
tinty
tipis
tiple
tippy
tipsy
tipup
tired
tirer
tires
tirls
tirma
tiros
tirve
tisar
titan
titar
titer
tithe
titis
title
titre
titty
tiver
tizzy
tlaco
tmema
toads
toady
toast
today
toddy
toeas
toffs
toffy
tofts
tofus
togae
togas
togue
toher
toile
toils
toise
toits
toity
tokay
toked
token
toker
tokes
tolan
tolar
tolas
toldo
toled
toles
tolls
tolly
tolus
tolyl
toman
tombe
tombs
tomes
tomin
tommy
tonal
tondi
tondo
toned
toner
tones
toney
tonga
tongs
tonic
tonne
tonus
tools
toons
toosh
tooth
toots
topaz
toped
topee
toper
topes
tophe
tophi
tophs
topia
topic
topis
topoi
topos
toppy
topsl
toque
torah
toral
toran
toras
torch
torcs
tored
tores
toric
torii
torma
toros
torot
torse
torsi
torsk
torso
torta
torte
torts
torus
torve
toshy
tossy
total
toted
totem
toter
totes
totty
totum
touch
tough
tould
tourn
tours
touse
tousy
touts
tovar
towai
towan
towed
towel
tower
towie
towns
towny
toxic
toxin
toxon
toyed
toyer
toyon
toyos
tozee
tozer
trace
track
tract
trade
trady
tragi
traik
trail
train
trait
trama
trame
tramp
trams
trank
tranq
trans
trant
traps
trapt
trash
trass
trasy
trave
trawl
trays
tread
treat
treed
treen
trees
treey
treks
trend
tress
trest
trets
trews
treys
triac
triad
trial
tribe
trica
trice
trick
tried
trier
tries
trifa
trigo
trigs
trike
trill
trims
trine
trink
triol
trior
trios
tripe
trips
tripy
trist
trite
troak
troat
troca
trock
troco
trode
troft
trogs
trois
troke
troll
tromp
trona
tronc
trone
troop
troot
trooz
trope
troth
trots
trout
trove
trows
troys
trubu
truce
truck
trued
truer
trues
truff
trugs
trull
truly
trump
trunk
trush
truss
trust
truth
tryma
trypa
tryst
tsade
tsadi
tsars
tsere
tsine
tsked
tsuba
tsubo
tuarn
tuart
tuath
tubae
tubal
tubar
tubas
tubba
tubby
tubed
tuber
tubes
tubig
tubik
tucks
tucky
tucum
tudel
tufan
tufas
tuffs
tufts
tufty
tugui
tuism
tukra
tules
tulip
tulle
tulsi
tumid
tummy
tumor
tumps
tunas
tunca
tuned
tuner
tunes
tungo
tungs
tunic
tunna
tunny
tupek
tupik
tuque
turbo
turco
turds
turfs
turfy
turgy
turio
turks
turma
turns
turps
turse
turus
tushy
tusks
tusky
tutee
tutin
tutly
tutor
tutti
tutty
tutus
tuxes
tuyer
twaes
twain
twale
twalt
twang
twank
twant
twats
tweag
tweak
tweed
tweeg
tweel
tween
tweet
tweil
twere
twerp
twice
twick
twier
twigs
twill
twilt
twine
twink
twins
twiny
twire
twirk
twirl
twirp
twist
twite
twits
twixt
twyer
tydie
tyees
tyers
tying
tyiyn
tyken
tykes
tylus
tyned
tynes
typal
typed
typer
types
typey
typic
typos
typps
tyred
tyres
tyros
tyste
tythe
tzars
uayeb
uckia
udasi
udder
udell
uhlan
uhllo
uinal
ukase
ulama
ulans
ulcer
ulema
uller
ulmic
ulmin
ulnad
ulnae
ulnar
ulnas
uloid
ulpan
ultra
uluhi
ululu
ulvas
umbel
umber
umble
umbos
umbra
umiac
umiak
umiaq
umiri
umped
umpty
unact
unadd
unais
unamo
unapt
unark
unarm
unary
unaus
unbag
unban
unbar
unbay
unbed
unbet
unbid
unbit
unbog
unbow
unbox
unboy
unbud
uncap
uncia
uncle
uncos
uncoy
uncus
uncut
undam
undee
unden
under
undid
undig
undim
undog
undon
undry
undub
undue
undug
undye
uneye
unfar
unfed
unfew
unfit
unfix
unfur
ungag
unget
ungka
ungod
ungot
ungum
unhad
unhap
unhat
unhex
unhid
unhip
unhit
unhot
uniat
unice
unify
uninn
union
unite
units
unity
unjam
unked
unken
unket
unkey
unkid
unkin
unlap
unlaw
unlay
unled
unlet
unlid
unlie
unlit
unmad
unman
unmet
unmew
unmix
unnew
unode
unoil
unold
unorn
unown
unpeg
unpen
unpin
unpot
unput
unram
unray
unred
unrid
unrig
unrip
unrow
unrun
unsad
unsay
unsee
unset
unsew
unsex
unshy
unsin
unsly
unson
unsty
unsun
untap
untar
untax
untie
until
untin
untop
unurn
unuse
unwan
unwax
unweb
unwed
unwet
unwig
unwit
unwon
unzen
unzip
uparm
upbar
upbay
upbid
upbow
upbuy
upbye
upcry
upcut
updos
updry
upeat
upend
upfly
upget
upher
upjet
uplay
upleg
uplit
upmix
upped
upper
uppop
uprid
uprip
uprun
upset
upsey
upsit
upsun
upsup
uptie
upwax
upway
uraei
urali
urare
urari
urase
urate
urban
urbia
urbic
urdee
ureal
ureas
uredo
ureic
ureid
urent
urged
urger
urges
urial
urine
urite
urlar
urled
urman
urnae
urnal
ursae
ursal
urson
ursuk
urubu
urucu
usage
usara
usent
users
usher
using
usnea
usnic
usque
uster
usual
usure
usurp
usury
utchy
utees
uteri
utick
utile
utrum
utsuk
utter
uvate
uveal
uveas
uviol
uvito
uvrou
uvula
uvver
uzara
vache
vacoa
vacua
vagal
vagas
vague
vagus
vails
vaire
vairs
vairy
vajra
vakia
vakil
vales
valet
valid
valor
valse
value
valva
valve
valyl
vamps
vanda
vaned
vanes
vangs
vapid
vapor
varan
varas
vardy
varec
varia
varix
varna
varus
varve
vasal
vases
vasts
vasty
vatic
vatus
vaudy
vault
vaunt
veals
vealy
vedro
veena
veeps
veers
veery
vegan
vegie
veils
veily
veins
veiny
velal
velar
velds
veldt
velic
velte
velum
venae
venal
vends
venge
venie
venin
venom
vents
venue
verbs
verby
verek
verge
vergi
verre
verse
verso
verst
verts
vertu
verve
vesta
vests
vetch
veuve
vexed
vexer
vexes
vexil
vials
viand
vibes
vibex
vibix
vicar
viced
vices
vichy
video
vidry
vidya
viers
views
viewy
vifda
vigas
vigia
vigil
vigor
vijao
viler
villa
ville
villi
vills
vimen
vinal
vinas
vinca
vinea
vined
viner
vines
vinic
vinny
vinos
vinta
vinyl
viola
viols
viper
viral
vireo
vires
virga
virid
virls
viron
virtu
virus
visas
vised
vises
visie
visit
visne
vison
visor
vista
visto
vitae
vital
vitta
viuva
vivas
vivax
viver
vives
vivid
vixen
vizir
vizor
vocal
voces
vodka
vodun
vogie
vogue
voice
voids
voila
voile
volar
voled
voles
volet
volta
volte
volti
volts
volva
vomer
vomit
votal
voted
voter
votes
vouch
vouge
vowed
vowel
vower
vraic
vroom
vrouw
vrows
vuggs
vuggy
vughs
vulgo
vulva
vying
waapa
wabby
wacke
wacko
wacks
wacky
waddy
waded
wader
wades
wadis
wadna
wafer
waffs
wafts
wafty
waged
wager
wages
waggy
wagon
wahoo
waifs
wails
waily
wains
waird
wairs
waise
waist
waits
waive
wakan
waked
waken
waker
wakes
wakif
wakon
waldo
waled
waler
wales
walks
walla
walls
wally
walsh
walth
waltz
wamel
wames
wamus
wands
wandy
waned
wanes
waney
wanga
wanle
wanly
wanna
wanny
wants
wanty
warch
wards
wared
wares
warez
warks
warly
warms
warns
warnt
warps
warse
warst
warth
warts
warty
warve
wasel
washy
wasnt
wasps
waspy
waste
wasts
wasty
watap
watch
water
watts
wauch
waugh
wauks
wauls
wauns
wauve
waved
waver
waves
wavey
wawah
wawls
waxed
waxen
waxer
waxes
wazoo
weaky
weald
weals
weans
wears
weary
weave
webby
weber
wecht
wedel
wedge
wedgy
weeda
weeds
weedy
weeks
weens
weeny
weeps
weepy
weesh
weest
weets
weeze
wefts
wefty
weigh
weird
weirs
weism
wekas
wekau
welch
welds
wells
welly
welsh
welts
wench
wende
wends
wenny
weste
wests
westy
wetly
wevet
whack
whale
whalm
whalp
whaly
whame
whamo
whamp
whams
whand
whang
whank
whaps
whare
wharf
wharl
wharp
whart
whase
whata
whats
whauk
whaup
whaur
wheal
wheam
wheat
wheel
wheem
wheen
wheep
wheer
wheft
whein
wheki
whelk
whelm
whelp
whens
where
whets
whewl
whews
whewt
wheys
whiba
which
whick
whids
whiff
whift
whigs
while
whilk
whill
whils
whims
whine
whing
whins
whiny
whips
whipt
whirl
whirr
whirs
whish
whisk
whisp
whist
white
whits
whity
whizz
whole
whomp
whone
whoof
whoop
whops
whore
whorl
whort
whose
whoso
whuff
whulk
whump
whush
whute
wicht
wicks
wicky
widdy
widen
wider
wides
widow
width
wield
wifed
wifes
wifie
wifty
wigan
wiggy
wight
wikis
wilco
wilds
wiled
wiles
wilga
wills
willy
wilts
wimps
wimpy
wince
winch
winds
windy
wined
winer
wines
winey
wings
wingy
winks
winly
winna
winos
winze
wiped
wiper
wipes
wired
wirer
wires
wirra
wised
wisen
wiser
wises
wisha
wisht
wisps
wispy
wisse
wiste
wists
witan
witch
wited
wites
withe
withy
witty
wived
wiver
wives
wizen
wizes
wloka
woads
woady
woald
wodge
wodgy
woful
woibe
wokas
woken
wolds
woldy
wolfs
wolve
woman
wombs
womby
women
wonga
wonks
wonky
wonna
wonts
woods
woody
wooed
wooer
woofs
woofy
woold
wools
wooly
woons
woops
woosh
wootz
woozy
words
wordy
works
worky
world
worms
wormy
worry
worse
worst
worth
worts
wouch
wough
would
wound
woven
wowed
wrack
wramp
wrang
wraps
wrapt
wrath
wrawl
wreak
wreat
wreck
wrens
wrest
wrick
wride
wried
wrier
wries
wring
wrist
write
writh
writs
wrive
wroke
wrong
wrote
wroth
wrung
wryer
wryly
wudge
wunna
wurst
wussy
wuzzy
wyled
wyles
wynds
wynns
wyson
wyted
wytes
wyver
xebec
xenia
xenic
xenon
xenyl
xeric
xerox
xerus
xoana
xurel
xylan
xylem
xylic
xylol
xylon
xylyl
xyrid
xysti
xysts
yabbi
yabby
yacal
yacca
yacht
yacks
yaffs
yager
yagis
yagua
yahan
yahoo
yaird
yakin
yakka
yalla
yamen
yampa
yamph
yamun
yangs
yanks
yanky
yaply
yapok
yapon
yappy
yarak
yaray
yards
yarer
yarke
yarly
yarns
yarth
yauds
yauld
yaups
yawed
yawls
yawns
yawny
yawps
yeahs
yeans
yeara
yeard
yearn
years
yeast
yecch
yechs
yechy
yeggs
yelks
yells
yelps
yenta
yente
yerba
yerga
yerks
yerth
yeses
yesso
yesty
yetis
yetts
yeuks
yeuky
yeven
yezzy
ygapo
yield
yikes
yills
yince
yinst
yipes
yirds
yirrs
yirth
ylems
yobbo
yocco
yocks
yodel
yodhs
yodle
yogas
yogee
yoghs
yogic
yogin
yogis
yoick
yojan
yoked
yokel
yoker
yokes
yolks
yolky
yomer
yomim
yonic
yonis
yores
youff
young
yourn
yours
youse
youth
youve
youze
yoven
yowed
yowes
yowie
yowls
yuans
yucas
yucca
yucch
yucks
yucky
yugas
yulan
yules
yummy
yupon
yuppy
yurta
yurts
zabra
zabti
zaire
zaman
zambo
zamia
zante
zanza
zanze
zapas
zappy
zarfs
zaxes
zayat
zayin
zazen
zeals
zebec
zebra
zebub
zebus
zeins
zeism
zeist
zemmi
zemni
zerda
zerks
zeros
zests
zesty
zetas
ziara
zibet
ziega
ziffs
zihar
zilch
zills
zimbi
zimme
zimmi
zinco
zincs
zincy
zineb
zings
zingy
zinky
zippy
zirai
ziram
zitis
zizit
zlote
zloty
zocco
zoeae
zoeal
zoeas
zogan
zoism
zoist
zokor
zolle
zombi
zonal
zonar
zoned
zoner
zones
zonic
zonks
zooid
zooks
zooms
zoons
zooty
zorch
zoril
zoris
zorro
zowie
zudda
zygal
zygon
zymes
zymic
zymin